Archive member included to satisfy reference by file (symbol)

c:/users/yaxing.chen/downloads/env_released_1.2.0/env/tools/gnu_gcc/arm_gcc/mingw/bin/../lib/gcc/arm-none-eabi/5.4.1/../../../../arm-none-eabi/lib/armv7e-m/fpu/fpv5-d16\libc.a(lib_a-assert.o)
                              build\board\MCUX_Config\clock_config.o (__assert_func)
c:/users/yaxing.chen/downloads/env_released_1.2.0/env/tools/gnu_gcc/arm_gcc/mingw/bin/../lib/gcc/arm-none-eabi/5.4.1/../../../../arm-none-eabi/lib/armv7e-m/fpu/fpv5-d16\libc.a(lib_a-fclose.o)
                              build\kernel\components\libc\compilers\newlib\stdio.o (fclose)
c:/users/yaxing.chen/downloads/env_released_1.2.0/env/tools/gnu_gcc/arm_gcc/mingw/bin/../lib/gcc/arm-none-eabi/5.4.1/../../../../arm-none-eabi/lib/armv7e-m/fpu/fpv5-d16\libc.a(lib_a-fflush.o)
                              c:/users/yaxing.chen/downloads/env_released_1.2.0/env/tools/gnu_gcc/arm_gcc/mingw/bin/../lib/gcc/arm-none-eabi/5.4.1/../../../../arm-none-eabi/lib/armv7e-m/fpu/fpv5-d16\libc.a(lib_a-fclose.o) (__sflush_r)
c:/users/yaxing.chen/downloads/env_released_1.2.0/env/tools/gnu_gcc/arm_gcc/mingw/bin/../lib/gcc/arm-none-eabi/5.4.1/../../../../arm-none-eabi/lib/armv7e-m/fpu/fpv5-d16\libc.a(lib_a-fileno.o)
                              build\kernel\components\libc\compilers\newlib\stdio.o (fileno)
c:/users/yaxing.chen/downloads/env_released_1.2.0/env/tools/gnu_gcc/arm_gcc/mingw/bin/../lib/gcc/arm-none-eabi/5.4.1/../../../../arm-none-eabi/lib/armv7e-m/fpu/fpv5-d16\libc.a(lib_a-findfp.o)
                              c:/users/yaxing.chen/downloads/env_released_1.2.0/env/tools/gnu_gcc/arm_gcc/mingw/bin/../lib/gcc/arm-none-eabi/5.4.1/../../../../arm-none-eabi/lib/armv7e-m/fpu/fpv5-d16\libc.a(lib_a-fclose.o) (__sinit)
c:/users/yaxing.chen/downloads/env_released_1.2.0/env/tools/gnu_gcc/arm_gcc/mingw/bin/../lib/gcc/arm-none-eabi/5.4.1/../../../../arm-none-eabi/lib/armv7e-m/fpu/fpv5-d16\libc.a(lib_a-fiprintf.o)
                              c:/users/yaxing.chen/downloads/env_released_1.2.0/env/tools/gnu_gcc/arm_gcc/mingw/bin/../lib/gcc/arm-none-eabi/5.4.1/../../../../arm-none-eabi/lib/armv7e-m/fpu/fpv5-d16\libc.a(lib_a-assert.o) (fiprintf)
c:/users/yaxing.chen/downloads/env_released_1.2.0/env/tools/gnu_gcc/arm_gcc/mingw/bin/../lib/gcc/arm-none-eabi/5.4.1/../../../../arm-none-eabi/lib/armv7e-m/fpu/fpv5-d16\libc.a(lib_a-fopen.o)
                              build\kernel\components\libc\compilers\newlib\stdio.o (fopen)
c:/users/yaxing.chen/downloads/env_released_1.2.0/env/tools/gnu_gcc/arm_gcc/mingw/bin/../lib/gcc/arm-none-eabi/5.4.1/../../../../arm-none-eabi/lib/armv7e-m/fpu/fpv5-d16\libc.a(lib_a-fseek.o)
                              c:/users/yaxing.chen/downloads/env_released_1.2.0/env/tools/gnu_gcc/arm_gcc/mingw/bin/../lib/gcc/arm-none-eabi/5.4.1/../../../../arm-none-eabi/lib/armv7e-m/fpu/fpv5-d16\libc.a(lib_a-fopen.o) (_fseek_r)
c:/users/yaxing.chen/downloads/env_released_1.2.0/env/tools/gnu_gcc/arm_gcc/mingw/bin/../lib/gcc/arm-none-eabi/5.4.1/../../../../arm-none-eabi/lib/armv7e-m/fpu/fpv5-d16\libc.a(lib_a-fseeko.o)
                              c:/users/yaxing.chen/downloads/env_released_1.2.0/env/tools/gnu_gcc/arm_gcc/mingw/bin/../lib/gcc/arm-none-eabi/5.4.1/../../../../arm-none-eabi/lib/armv7e-m/fpu/fpv5-d16\libc.a(lib_a-fseek.o) (_fseeko_r)
c:/users/yaxing.chen/downloads/env_released_1.2.0/env/tools/gnu_gcc/arm_gcc/mingw/bin/../lib/gcc/arm-none-eabi/5.4.1/../../../../arm-none-eabi/lib/armv7e-m/fpu/fpv5-d16\libc.a(lib_a-fwalk.o)
                              c:/users/yaxing.chen/downloads/env_released_1.2.0/env/tools/gnu_gcc/arm_gcc/mingw/bin/../lib/gcc/arm-none-eabi/5.4.1/../../../../arm-none-eabi/lib/armv7e-m/fpu/fpv5-d16\libc.a(lib_a-findfp.o) (_fwalk)
c:/users/yaxing.chen/downloads/env_released_1.2.0/env/tools/gnu_gcc/arm_gcc/mingw/bin/../lib/gcc/arm-none-eabi/5.4.1/../../../../arm-none-eabi/lib/armv7e-m/fpu/fpv5-d16\libc.a(lib_a-impure.o)
                              build\kernel\components\libc\compilers\newlib\stdio.o (_global_impure_ptr)
c:/users/yaxing.chen/downloads/env_released_1.2.0/env/tools/gnu_gcc/arm_gcc/mingw/bin/../lib/gcc/arm-none-eabi/5.4.1/../../../../arm-none-eabi/lib/armv7e-m/fpu/fpv5-d16\libc.a(lib_a-makebuf.o)
                              c:/users/yaxing.chen/downloads/env_released_1.2.0/env/tools/gnu_gcc/arm_gcc/mingw/bin/../lib/gcc/arm-none-eabi/5.4.1/../../../../arm-none-eabi/lib/armv7e-m/fpu/fpv5-d16\libc.a(lib_a-fseeko.o) (__smakebuf_r)
c:/users/yaxing.chen/downloads/env_released_1.2.0/env/tools/gnu_gcc/arm_gcc/mingw/bin/../lib/gcc/arm-none-eabi/5.4.1/../../../../arm-none-eabi/lib/armv7e-m/fpu/fpv5-d16\libc.a(lib_a-malloc.o)
                              libraries\MIMXRT1064\MIMXRT1064\drivers\fsl_common.o (malloc)
c:/users/yaxing.chen/downloads/env_released_1.2.0/env/tools/gnu_gcc/arm_gcc/mingw/bin/../lib/gcc/arm-none-eabi/5.4.1/../../../../arm-none-eabi/lib/armv7e-m/fpu/fpv5-d16\libc.a(lib_a-memcmp.o)
[...]
Memory Configuration

Name             Origin             Length             Attributes
m_boot_data      0x70000000         0x00001000         xr
m_image_vertor_table 0x70001000         0x00001000         xr
m_interrupts     0x70002000         0x00000400         xr
m_text           0x70002400         0x003fdc00         xr
m_itcm           0x00000000         0x00020000         rw
m_dtcm           0x20000000         0x00020000         rw
m_ocram          0x20200000         0x00040000         rw
m_sdram          0x80000000         0x01e00000         rw
m_nocache        0x81e00000         0x00200000         rw
*default*        0x00000000         0xffffffff

Linker script and memory map

LOAD c:/users/yaxing.chen/downloads/env_released_1.2.0/env/tools/gnu_gcc/arm_gcc/mingw/bin/../lib/gcc/arm-none-eabi/5.4.1/../../../../arm-none-eabi/lib/armv7e-m/fpu/fpv5-d16\libm.a
LOAD c:/users/yaxing.chen/downloads/env_released_1.2.0/env/tools/gnu_gcc/arm_gcc/mingw/bin/../lib/gcc/arm-none-eabi/5.4.1/armv7e-m/fpu/fpv5-d16\libgcc.a
LOAD c:/users/yaxing.chen/downloads/env_released_1.2.0/env/tools/gnu_gcc/arm_gcc/mingw/bin/../lib/gcc/arm-none-eabi/5.4.1/../../../../arm-none-eabi/lib/armv7e-m/fpu/fpv5-d16\libc.a
LOAD build\applications\main.o
LOAD build\board\board.o
LOAD build\board\MCUX_Config\clock_config.o
LOAD build\board\MCUX_Config\pin_mux.o
LOAD build\xip\evkmimxrt1064_flexspi_nor_config.o
LOAD build\xip\evkmimxrt1064_sdram_ini_dcd.o
LOAD build\xip\fsl_flexspi_nor_boot.o
LOAD build\kernel\src\clock.o
LOAD build\kernel\src\components.o
LOAD build\kernel\src\device.o
LOAD build\kernel\src\idle.o
LOAD build\kernel\src\ipc.o
LOAD build\kernel\src\irq.o
LOAD build\kernel\src\kservice.o
LOAD build\kernel\src\memheap.o
LOAD build\kernel\src\mempool.o
LOAD build\kernel\src\object.o
LOAD build\kernel\src\scheduler.o
LOAD build\kernel\src\signal.o
LOAD build\kernel\src\thread.o
LOAD build\kernel\src\timer.o
LOAD build\kernel\libcpu\arm\common\backtrace.o
LOAD build\kernel\libcpu\arm\common\div0.o
LOAD build\kernel\libcpu\arm\common\showmem.o
LOAD build\kernel\libcpu\arm\cortex-m7\cpu_cache.o
LOAD build\kernel\libcpu\arm\cortex-m7\cpuport.o
LOAD build\kernel\libcpu\arm\cortex-m7\context_gcc.o
LOAD build\kernel\components\drivers\cputime\cputime.o
LOAD build\kernel\components\drivers\misc\pin.o
LOAD build\kernel\components\drivers\serial\serial.o
LOAD build\kernel\components\drivers\src\completion.o
LOAD build\kernel\components\drivers\src\dataqueue.o
LOAD build\kernel\components\drivers\src\pipe.o
LOAD build\kernel\components\drivers\src\ringblk_buf.o
LOAD build\kernel\components\drivers\src\ringbuffer.o
LOAD build\kernel\components\drivers\src\waitqueue.o
LOAD build\kernel\components\drivers\src\workqueue.o
LOAD build\kernel\components\finsh\shell.o
LOAD build\kernel\components\finsh\cmd.o
LOAD build\kernel\components\finsh\msh.o
LOAD build\kernel\components\libc\compilers\common\time.o
LOAD build\kernel\components\libc\compilers\newlib\libc.o
LOAD build\kernel\components\libc\compilers\newlib\libc_syms.o
LOAD build\kernel\components\libc\compilers\newlib\stdio.o
LOAD build\kernel\components\libc\compilers\newlib\syscalls.o
LOAD libraries\MIMXRT1064\MIMXRT1064\system_MIMXRT1064.o
LOAD libraries\MIMXRT1064\MIMXRT1064\drivers\fsl_common.o
LOAD libraries\MIMXRT1064\MIMXRT1064\drivers\fsl_clock.o
LOAD libraries\MIMXRT1064\MIMXRT1064\drivers\fsl_cache.o
LOAD libraries\MIMXRT1064\MIMXRT1064\gcc\startup_MIMXRT1064.o
LOAD libraries\MIMXRT1064\MIMXRT1064\drivers\fsl_gpio.o
LOAD libraries\MIMXRT1064\MIMXRT1064\drivers\fsl_lpuart.o
LOAD libraries\drivers\drv_gpio.o
LOAD libraries\drivers\drv_uart.o
LOAD c:/users/yaxing.chen/downloads/env_released_1.2.0/env/tools/gnu_gcc/arm_gcc/mingw/bin/../lib/gcc/arm-none-eabi/5.4.1/../../../../arm-none-eabi/lib/armv7e-m/fpu/fpv5-d16\libc.a
LOAD c:/users/yaxing.chen/downloads/env_released_1.2.0/env/tools/gnu_gcc/arm_gcc/mingw/bin/../lib/gcc/arm-none-eabi/5.4.1/../../../../arm-none-eabi/lib/armv7e-m/fpu/fpv5-d16\libm.a
START GROUP
LOAD c:/users/yaxing.chen/downloads/env_released_1.2.0/env/tools/gnu_gcc/arm_gcc/mingw/bin/../lib/gcc/arm-none-eabi/5.4.1/armv7e-m/fpu/fpv5-d16\libgcc.a
LOAD c:/users/yaxing.chen/downloads/env_released_1.2.0/env/tools/gnu_gcc/arm_gcc/mingw/bin/../lib/gcc/arm-none-eabi/5.4.1/../../../../arm-none-eabi/lib/armv7e-m/fpu/fpv5-d16\libc.a
END GROUP
                0x00000400                HEAP_SIZE = DEFINED (__heap_size__)?__heap_size__:0x400
                0x00000400                STACK_SIZE = DEFINED (__stack_size__)?__stack_size__:0x400

.boot_data      0x70000000      0x200
                0x70000000                . = ALIGN (0x4)
                0x70000000                __FLASH_BASE = .
 *(.boot_hdr.conf)
 .boot_hdr.conf
                0x70000000      0x200 build\xip\evkmimxrt1064_flexspi_nor_config.o
                0x70000000                qspiflash_config
                0x70000200                . = ALIGN (0x4)
                0x70001000                ivt_begin = (ORIGIN (m_boot_data) + LENGTH (m_boot_data))

.image_vertor_table
                0x70001000       0x30
                0x70001000                . = ALIGN (0x4)
 *(.boot_hdr.ivt)
 .boot_hdr.ivt  0x70001000       0x20 build\xip\fsl_flexspi_nor_boot.o
                0x70001000                image_vector_table
 *(.boot_hdr.boot_data)
 .boot_hdr.boot_data
                0x70001020       0x10 build\xip\fsl_flexspi_nor_boot.o
                0x70001020                boot_data
 *(.boot_hdr.dcd_data)
                0x70001030                . = ALIGN (0x4)

.interrupts     0x70002000      0x400
                0x70002000                __VECTOR_TABLE = .
                0x70002000                . = ALIGN (0x4)
 *(.isr_vector)
 .isr_vector    0x70002000      0x400 libraries\MIMXRT1064\MIMXRT1064\gcc\startup_MIMXRT1064.o
                0x70002000                __isr_vector
                0x70002400                . = ALIGN (0x4)
                0x70002000                __VECTOR_RAM = __VECTOR_TABLE
                0x00000000                __RAM_VECTOR_TABLE_SIZE_BYTES = 0x0

.text           0x70002400     0xa8b8
                0x70002400                . = ALIGN (0x4)
 *(.text)
 .text          0x70002400      0x13c build\kernel\libcpu\arm\cortex-m7\context_gcc.o
                0x70002400                rt_hw_interrupt_disable
                0x70002408                rt_hw_interrupt_enable
                0x7000240e                rt_hw_context_switch_interrupt
                0x7000240e                rt_hw_context_switch
                0x7000242e                PendSV_Handler
                0x7000249a                rt_hw_context_switch_to
                0x700024e0                rt_hw_interrupt_thread_switch
                0x700024e4                HardFault_Handler
 .text          0x7000253c      0x258 libraries\MIMXRT1064\MIMXRT1064\gcc\startup_MIMXRT1064.o
                0x7000253c                Reset_Handler
                0x700025c8                PWM1_FAULT_IRQHandler
                0x700025c8                FLEXSPI2_DriverIRQHandler
                0x700025c8                LPSPI2_DriverIRQHandler
                0x700025c8                SJC_IRQHandler
                0x700025c8                ADC_ETC_IRQ0_IRQHandler
                0x700025c8                DebugMon_Handler
                0x700025c8                SAI3_RX_DriverIRQHandler
                0x700025c8                PXP_IRQHandler
                0x700025c8                DMA13_DMA29_DriverIRQHandler
                0x700025c8                Reserved86_IRQHandler
                0x700025c8                SRC_IRQHandler
                0x700025c8                LPSPI4_DriverIRQHandler
                0x700025c8                ENC1_IRQHandler
                0x700025c8                SPDIF_DriverIRQHandler
                0x700025c8                GPIO1_INT2_IRQHandler
                0x700025c8                CSI_IRQHandler
                0x700025c8                ENET2_DriverIRQHandler
                0x700025c8                SNVS_LP_WRAPPER_IRQHandler
                0x700025c8                ENC2_IRQHandler
                0x700025c8                PWM2_2_IRQHandler
                0x700025c8                GPIO6_7_8_9_IRQHandler
                0x700025c8                PWM4_FAULT_IRQHandler
                0x700025c8                ACMP3_IRQHandler
                0x700025c8                GPIO1_INT7_IRQHandler
                0x700025c8                CCM_1_IRQHandler
                0x700025c8                PWM1_3_IRQHandler
                0x700025c8                CAN3_DriverIRQHandler
                0x700025c8                ADC_ETC_IRQ1_IRQHandler
                0x700025c8                TMR4_IRQHandler
                0x700025c8                CTI1_ERROR_IRQHandler
                0x700025c8                PWM3_FAULT_IRQHandler
                0x700025c8                LCDIF_IRQHandler
                0x700025c8                DMA7_DMA23_DriverIRQHandler
                0x700025c8                CTI0_ERROR_IRQHandler
                0x700025c8                PWM1_0_IRQHandler
                0x700025c8                Reserved68_IRQHandler
                0x700025c8                LPI2C3_DriverIRQHandler
                0x700025c8                TRNG_IRQHandler
                0x700025c8                USB_PHY2_IRQHandler
                0x700025c8                DMA3_DMA19_DriverIRQHandler
                0x700025c8                TSC_DIG_IRQHandler
                0x700025c8                LPI2C4_DriverIRQHandler
                0x700025c8                LPSPI1_DriverIRQHandler
                0x700025c8                TMR1_IRQHandler
                0x700025c8                PWM2_0_IRQHandler
                0x700025c8                DCP_VMI_IRQHandler
                0x700025c8                CAN1_DriverIRQHandler
                0x700025c8                DMA14_DMA30_DriverIRQHandler
                0x700025c8                PWM4_0_IRQHandler
                0x700025c8                ENET_1588_Timer_DriverIRQHandler
                0x700025c8                DMA_ERROR_DriverIRQHandler
                0x700025c8                PWM2_1_IRQHandler
                0x700025c8                DMA9_DMA25_DriverIRQHandler
                0x700025c8                PWM2_FAULT_IRQHandler
                0x700025c8                FLEXIO2_DriverIRQHandler
                0x700025c8                GPIO1_INT3_IRQHandler
                0x700025c8                UsageFault_Handler
                0x700025c8                WDOG1_IRQHandler
                0x700025c8                LPI2C2_DriverIRQHandler
                0x700025c8                PMU_EVENT_IRQHandler
                0x700025c8                GPT1_IRQHandler
                0x700025c8                ENC4_IRQHandler
                0x700025c8                PWM4_1_IRQHandler
                0x700025c8                USB_OTG2_IRQHandler
                0x700025c8                ACMP4_IRQHandler
                0x700025c8                SEMC_IRQHandler
                0x700025c8                DMA0_DMA16_DriverIRQHandler
                0x700025c8                DefaultISR
                0x700025c8                PWM1_1_IRQHandler
                0x700025c8                LPSPI3_DriverIRQHandler
                0x700025c8                DMA2_DMA18_DriverIRQHandler
                0x700025c8                PWM3_0_IRQHandler
                0x700025c8                USDHC1_DriverIRQHandler
                0x700025c8                PWM3_3_IRQHandler
                0x700025c8                GPIO1_INT0_IRQHandler
                0x700025c8                DMA15_DMA31_DriverIRQHandler
                0x700025c8                CSU_IRQHandler
                0x700025c8                Reserved87_IRQHandler
                0x700025c8                ADC1_IRQHandler
                0x700025c8                FLEXIO1_DriverIRQHandler
                0x700025c8                ENET_DriverIRQHandler
                0x700025c8                BusFault_Handler
                0x700025c8                ACMP1_IRQHandler
                0x700025c8                RTWDOG_IRQHandler
                0x700025c8                USB_PHY1_IRQHandler
                0x700025c8                Reserved78_IRQHandler
                0x700025c8                SAI1_DriverIRQHandler
                0x700025c8                DMA12_DMA28_DriverIRQHandler
                0x700025c8                ENC3_IRQHandler
                0x700025c8                EWM_IRQHandler
                0x700025c8                TEMP_LOW_HIGH_IRQHandler
                0x700025c8                WDOG2_IRQHandler
                0x700025c8                GPIO1_INT5_IRQHandler
                0x700025c8                FLEXSPI_DriverIRQHandler
                0x700025c8                DMA5_DMA21_DriverIRQHandler
                0x700025c8                PWM3_1_IRQHandler
                0x700025c8                PWM2_3_IRQHandler
                0x700025c8                DMA4_DMA20_DriverIRQHandler
                0x700025c8                CORE_IRQHandler
                0x700025c8                TMR3_IRQHandler
                0x700025c8                FLEXRAM_IRQHandler
                0x700025c8                DMA10_DMA26_DriverIRQHandler
                0x700025c8                TEMP_PANIC_IRQHandler
                0x700025c8                GPIO1_INT6_IRQHandler
                0x700025c8                PWM1_2_IRQHandler
                0x700025c8                Reserved144_IRQHandler
                0x700025c8                GPR_IRQ_IRQHandler
                0x700025c8                GPC_IRQHandler
                0x700025c8                DCDC_IRQHandler
                0x700025c8                PWM4_3_IRQHandler
                0x700025c8                GPT2_IRQHandler
                0x700025c8                DMA1_DMA17_DriverIRQHandler
                0x700025c8                USB_OTG1_IRQHandler
                0x700025c8                CAN2_DriverIRQHandler
                0x700025c8                ACMP2_IRQHandler
                0x700025c8                GPIO5_Combined_16_31_IRQHandler
                0x700025c8                TMR2_IRQHandler
                0x700025c8                ADC_ETC_ERROR_IRQ_IRQHandler
                0x700025c8                DMA8_DMA24_DriverIRQHandler
                0x700025c8                PWM4_2_IRQHandler
                0x700025c8                DMA6_DMA22_DriverIRQHandler
                0x700025c8                BEE_IRQHandler
                0x700025c8                GPIO1_INT1_IRQHandler
                0x700025c8                FLEXIO3_DriverIRQHandler
                0x700025c8                ADC_ETC_IRQ2_IRQHandler
                0x700025c8                GPIO1_INT4_IRQHandler
                0x700025c8                CCM_2_IRQHandler
                0x700025c8                KPP_IRQHandler
                0x700025c8                SAI3_TX_DriverIRQHandler
                0x700025c8                ADC2_IRQHandler
                0x700025c8                USDHC2_DriverIRQHandler
                0x700025c8                MemManage_Handler
                0x700025c8                SAI2_DriverIRQHandler
                0x700025c8                SNVS_HP_WRAPPER_TZ_IRQHandler
                0x700025c8                PIT_IRQHandler
                0x700025c8                Reserved115_IRQHandler
                0x700025c8                SNVS_HP_WRAPPER_IRQHandler
                0x700025c8                Reserved171_IRQHandler
                0x700025c8                DMA11_DMA27_DriverIRQHandler
                0x700025c8                ENET2_1588_Timer_DriverIRQHandler
                0x700025c8                XBAR1_IRQ_2_3_IRQHandler
                0x700025c8                PWM3_2_IRQHandler
                0x700025c8                XBAR1_IRQ_0_1_IRQHandler
                0x700025c8                LPI2C1_DriverIRQHandler
                0x700025c8                DCP_IRQHandler
                0x700025c8                Reserved143_IRQHandler
                0x700025cc                NMI_Handler
                0x700025d4                SVC_Handler
                0x700025e0                DMA0_DMA16_IRQHandler
                0x700025e4                DMA1_DMA17_IRQHandler
                0x700025e8                DMA2_DMA18_IRQHandler
                0x700025ec                DMA3_DMA19_IRQHandler
                0x700025f0                DMA4_DMA20_IRQHandler
                0x700025f4                DMA5_DMA21_IRQHandler
                0x700025f8                DMA6_DMA22_IRQHandler
                0x700025fc                DMA7_DMA23_IRQHandler
                0x70002600                DMA8_DMA24_IRQHandler
                0x70002604                DMA9_DMA25_IRQHandler
                0x70002608                DMA10_DMA26_IRQHandler
                0x7000260c                DMA11_DMA27_IRQHandler
                0x70002610                DMA12_DMA28_IRQHandler
                0x70002614                DMA13_DMA29_IRQHandler
                0x70002618                DMA14_DMA30_IRQHandler
                0x7000261c                DMA15_DMA31_IRQHandler
                0x70002620                DMA_ERROR_IRQHandler
                0x70002628                LPUART2_IRQHandler
                0x7000262c                LPUART3_IRQHandler
                0x70002630                LPUART4_IRQHandler
                0x70002634                LPUART5_IRQHandler
                0x70002638                LPUART6_IRQHandler
                0x7000263c                LPUART7_IRQHandler
                0x70002640                LPUART8_IRQHandler
                0x70002644                LPI2C1_IRQHandler
                0x70002648                LPI2C2_IRQHandler
                0x7000264c                LPI2C3_IRQHandler
                0x70002650                LPI2C4_IRQHandler
                0x70002654                LPSPI1_IRQHandler
                0x70002658                LPSPI2_IRQHandler
                0x7000265c                LPSPI3_IRQHandler
                0x70002660                LPSPI4_IRQHandler
                0x70002664                CAN1_IRQHandler
                0x70002668                CAN2_IRQHandler
                0x7000266c                SAI1_IRQHandler
                0x70002670                SAI2_IRQHandler
                0x70002674                SAI3_RX_IRQHandler
                0x70002678                SAI3_TX_IRQHandler
                0x7000267c                SPDIF_IRQHandler
                0x70002680                FLEXIO1_IRQHandler
                0x70002684                FLEXIO2_IRQHandler
                0x70002688                FLEXSPI2_IRQHandler
                0x7000268c                FLEXSPI_IRQHandler
                0x70002690                USDHC1_IRQHandler
                0x70002694                USDHC2_IRQHandler
                0x70002698                ENET_IRQHandler
                0x7000269c                ENET_1588_Timer_IRQHandler
                0x700026a0                ENET2_IRQHandler
                0x700026a4                ENET2_1588_Timer_IRQHandler
                0x700026a8                CAN3_IRQHandler
                0x700026ac                FLEXIO3_IRQHandler
 .text          0x70002794      0x134 c:/users/yaxing.chen/downloads/env_released_1.2.0/env/tools/gnu_gcc/arm_gcc/mingw/bin/../lib/gcc/arm-none-eabi/5.4.1/../../../../arm-none-eabi/lib/armv7e-m/fpu/fpv5-d16\libc.a(lib_a-memcpy.o)
                0x70002794                memcpy
 *fill*         0x700028c8       0x38 
 .text          0x70002900       0xdc c:/users/yaxing.chen/downloads/env_released_1.2.0/env/tools/gnu_gcc/arm_gcc/mingw/bin/../lib/gcc/arm-none-eabi/5.4.1/../../../../arm-none-eabi/lib/armv7e-m/fpu/fpv5-d16\libc.a(lib_a-strlen.o)
                0x70002900                strlen
 *fill*         0x700029dc        0x4 
 .text          0x700029e0       0xa0 c:/users/yaxing.chen/downloads/env_released_1.2.0/env/tools/gnu_gcc/arm_gcc/mingw/bin/../lib/gcc/arm-none-eabi/5.4.1/../../../../arm-none-eabi/lib/armv7e-m/fpu/fpv5-d16\libc.a(lib_a-memchr.o)
                0x700029e0                memchr
 .text          0x70002a80       0x30 c:/users/yaxing.chen/downloads/env_released_1.2.0/env/tools/gnu_gcc/arm_gcc/mingw/bin/../lib/gcc/arm-none-eabi/5.4.1/armv7e-m/fpu/fpv5-d16\libgcc.a(_aeabi_uldivmod.o)
                0x70002a80                __aeabi_uldivmod
 .text          0x70002ab0      0x2e4 c:/users/yaxing.chen/downloads/env_released_1.2.0/env/tools/gnu_gcc/arm_gcc/mingw/bin/../lib/gcc/arm-none-eabi/5.4.1/armv7e-m/fpu/fpv5-d16\libgcc.a(_udivmoddi4.o)
                0x70002ab0                __udivmoddi4
 .text          0x70002d94        0x4 c:/users/yaxing.chen/downloads/env_released_1.2.0/env/tools/gnu_gcc/arm_gcc/mingw/bin/../lib/gcc/arm-none-eabi/5.4.1/armv7e-m/fpu/fpv5-d16\libgcc.a(_dvmd_tls.o)
                0x70002d94                __aeabi_idiv0
                0x70002d94                __aeabi_ldiv0
 *(.text*)
 .text.reboot   0x70002d98       0x24 build\applications\main.o
                0x70002d98                reboot
 .text.startup.main
                0x70002dbc       0x2c build\applications\main.o
                0x70002dbc                main
 .text.SysTick_Handler
                0x70002de8       0x12 build\board\board.o
                0x70002de8                SysTick_Handler
 *fill*         0x70002dfa        0x2 
 .text.rt_hw_board_init
                0x70002dfc      0x1d4 build\board\board.o
                0x70002dfc                rt_hw_board_init
 .text.CLOCK_SetDiv
                0x70002fd0       0x5c build\board\MCUX_Config\clock_config.o
 .text.CLOCK_SetMux
                0x7000302c       0x5c build\board\MCUX_Config\clock_config.o
 .text.CLOCK_DisableClock
                0x70003088       0x40 build\board\MCUX_Config\clock_config.o
 .text.BOARD_BootClockRUN
                0x700030c8      0x598 build\board\MCUX_Config\clock_config.o
                0x700030c8                BOARD_BootClockRUN
 .text.BOARD_InitPins
                0x70003660       0x34 build\board\MCUX_Config\pin_mux.o
                0x70003660                BOARD_InitPins
 .text.rt_tick_get
                0x70003694        0xc build\kernel\src\clock.o
                0x70003694                rt_tick_get
 .text.rt_tick_increase
                0x700036a0       0x38 build\kernel\src\clock.o
                0x700036a0                rt_tick_increase
 .text.rt_tick_from_millisecond
                0x700036d8       0x2a build\kernel\src\clock.o
                0x700036d8                rt_tick_from_millisecond
 .text.rti_end  0x70003702        0x4 build\kernel\src\components.o
 .text.rti_board_end
                0x70003706        0x4 build\kernel\src\components.o
 .text.rti_start
                0x7000370a        0x4 build\kernel\src\components.o
 .text.rti_board_start
                0x7000370e        0x4 build\kernel\src\components.o
 *fill*         0x70003712        0x2 
 .text.rt_components_board_init
                0x70003714       0x1c build\kernel\src\components.o
                0x70003714                rt_components_board_init
 .text.rt_components_init
                0x70003730       0x1c build\kernel\src\components.o
                0x70003730                rt_components_init
 .text.main_thread_entry
                0x7000374c        0xe build\kernel\src\components.o
                0x7000374c                main_thread_entry
 *fill*         0x7000375a        0x2 
 .text.rt_application_init
                0x7000375c       0x44 build\kernel\src\components.o
                0x7000375c                rt_application_init
 .text.rtthread_startup
                0x700037a0       0x2a build\kernel\src\components.o
                0x700037a0                rtthread_startup
 .text.entry    0x700037ca        0xa build\kernel\src\components.o
                0x700037ca                entry
 .text.rt_device_find
                0x700037d4       0x64 build\kernel\src\device.o
                0x700037d4                rt_device_find
 .text.rt_device_register
                0x70003838       0x30 build\kernel\src\device.o
                0x70003838                rt_device_register
 .text.rt_device_open
                0x70003868       0xb4 build\kernel\src\device.o
                0x70003868                rt_device_open
 .text.rt_device_close
                0x7000391c       0x64 build\kernel\src\device.o
                0x7000391c                rt_device_close
 .text.rt_device_read
                0x70003980       0x68 build\kernel\src\device.o
                0x70003980                rt_device_read
 .text.rt_device_write
                0x700039e8       0x68 build\kernel\src\device.o
                0x700039e8                rt_device_write
 .text.rt_device_set_rx_indicate
                0x70003a50       0x3c build\kernel\src\device.o
                0x70003a50                rt_device_set_rx_indicate
 .text.rt_thread_idle_excute
                0x70003a8c       0xac build\kernel\src\idle.o
                0x70003a8c                rt_thread_idle_excute
 .text.rt_thread_idle_entry
                0x70003b38       0x20 build\kernel\src\idle.o
 .text.rt_thread_idle_init
                0x70003b58       0x48 build\kernel\src\idle.o
                0x70003b58                rt_thread_idle_init
 .text.rt_ipc_list_resume.isra.0
                0x70003ba0        0xc build\kernel\src\ipc.o
 .text.rt_ipc_list_suspend
                0x70003bac       0x4c build\kernel\src\ipc.o
 .text.rt_sem_init
                0x70003bf8       0x4c build\kernel\src\ipc.o
                0x70003bf8                rt_sem_init
 .text.rt_sem_take
                0x70003c44      0x118 build\kernel\src\ipc.o
                0x70003c44                rt_sem_take
 .text.rt_sem_release
                0x70003d5c       0x74 build\kernel\src\ipc.o
                0x70003d5c                rt_sem_release
 .text.rt_interrupt_enter
                0x70003dd0       0x2c build\kernel\src\irq.o
                0x70003dd0                rt_interrupt_enter
 .text.rt_interrupt_leave
                0x70003dfc       0x2c build\kernel\src\irq.o
                0x70003dfc                rt_interrupt_leave
 .text.rt_interrupt_get_nest
                0x70003e28       0x18 build\kernel\src\irq.o
                0x70003e28                rt_interrupt_get_nest
 .text.print_number
                0x70003e40      0x178 build\kernel\src\kservice.o
 .text.rt_set_errno
                0x70003fb8       0x20 build\kernel\src\kservice.o
                0x70003fb8                rt_set_errno
 .text.rt_memset
                0x70003fd8       0x6e build\kernel\src\kservice.o
                0x70003fd8                rt_memset
 .text.rt_memcpy
                0x70004046       0x8e build\kernel\src\kservice.o
                0x70004046                rt_memcpy
 .text.rt_memmove
                0x700040d4       0x36 build\kernel\src\kservice.o
                0x700040d4                rt_memmove
 .text.rt_strncpy
                0x7000410a       0x22 build\kernel\src\kservice.o
                0x7000410a                rt_strncpy
 .text.rt_strncmp
                0x7000412c       0x22 build\kernel\src\kservice.o
                0x7000412c                rt_strncmp
 .text.rt_strlen
                0x7000414e       0x10 build\kernel\src\kservice.o
                0x7000414e                rt_strlen
 *fill*         0x7000415e        0x2 
 .text.rt_vsnprintf
                0x70004160      0x2c4 build\kernel\src\kservice.o
                0x70004160                rt_vsnprintf
 .text.rt_vsprintf
                0x70004424        0xc build\kernel\src\kservice.o
                0x70004424                rt_vsprintf
 .text.rt_sprintf
                0x70004430       0x1a build\kernel\src\kservice.o
                0x70004430                rt_sprintf
 *fill*         0x7000444a        0x2 
 .text.rt_console_get_device
                0x7000444c        0xc build\kernel\src\kservice.o
                0x7000444c                rt_console_get_device
 .text.rt_console_set_device
                0x70004458       0x28 build\kernel\src\kservice.o
                0x70004458                rt_console_set_device
 .text.rt_hw_console_output
                0x70004480        0x2 build\kernel\src\kservice.o
                0x70004480                rt_hw_console_output
 *fill*         0x70004482        0x2 
 .text.rt_kprintf
                0x70004484       0x50 build\kernel\src\kservice.o
                0x70004484                rt_kprintf
 .text.rt_show_version
                0x700044d4       0x40 build\kernel\src\kservice.o
                0x700044d4                rt_show_version
 .text.__rt_ffs
                0x70004514       0x3c build\kernel\src\kservice.o
                0x70004514                __rt_ffs
 .text.rt_assert_handler
                0x70004550       0x34 build\kernel\src\kservice.o
                0x70004550                rt_assert_handler
 .text.rt_memheap_init
                0x70004584       0x94 build\kernel\src\memheap.o
                0x70004584                rt_memheap_init
 .text.rt_memheap_alloc
                0x70004618      0x138 build\kernel\src\memheap.o
                0x70004618                rt_memheap_alloc
 .text.rt_memheap_free
                0x70004750      0x128 build\kernel\src\memheap.o
                0x70004750                rt_memheap_free
 .text.rt_memheap_realloc
                0x70004878      0x1c4 build\kernel\src\memheap.o
                0x70004878                rt_memheap_realloc
 .text.rt_system_heap_init
                0x70004a3c       0x14 build\kernel\src\memheap.o
                0x70004a3c                rt_system_heap_init
 .text.rt_malloc
                0x70004a50       0x8c build\kernel\src\memheap.o
                0x70004a50                rt_malloc
 .text.rt_free  0x70004adc        0x4 build\kernel\src\memheap.o
                0x70004adc                rt_free
 .text.rt_realloc
                0x70004ae0       0x50 build\kernel\src\memheap.o
                0x70004ae0                rt_realloc
 .text.rt_calloc
                0x70004b30       0x1c build\kernel\src\memheap.o
                0x70004b30                rt_calloc
 .text.rt_object_get_information
                0x70004b4c       0x24 build\kernel\src\object.o
                0x70004b4c                rt_object_get_information
 .text.rt_object_init
                0x70004b70       0x94 build\kernel\src\object.o
                0x70004b70                rt_object_init
 .text.rt_object_detach
                0x70004c04       0x4c build\kernel\src\object.o
                0x70004c04                rt_object_detach
 .text.rt_object_allocate
                0x70004c50       0xa0 build\kernel\src\object.o
                0x70004c50                rt_object_allocate
 .text.rt_object_delete
                0x70004cf0       0x68 build\kernel\src\object.o
                0x70004cf0                rt_object_delete
 .text.rt_object_is_systemobject
                0x70004d58       0x24 build\kernel\src\object.o
                0x70004d58                rt_object_is_systemobject
 .text.rt_object_get_type
                0x70004d7c       0x24 build\kernel\src\object.o
                0x70004d7c                rt_object_get_type
 .text.rt_system_scheduler_init
                0x70004da0       0x34 build\kernel\src\scheduler.o
                0x70004da0                rt_system_scheduler_init
 .text.rt_schedule_insert_thread
                0x70004dd4       0x78 build\kernel\src\scheduler.o
                0x70004dd4                rt_schedule_insert_thread
 .text.rt_schedule_remove_thread
                0x70004e4c       0x60 build\kernel\src\scheduler.o
                0x70004e4c                rt_schedule_remove_thread
 .text.rt_system_scheduler_start
                0x70004eac       0x3c build\kernel\src\scheduler.o
                0x70004eac                rt_system_scheduler_start
 .text.rt_schedule
                0x70004ee8      0x128 build\kernel\src\scheduler.o
                0x70004ee8                rt_schedule
 .text.rt_enter_critical
                0x70005010       0x1c build\kernel\src\scheduler.o
                0x70005010                rt_enter_critical
 .text.rt_exit_critical
                0x7000502c       0x3c build\kernel\src\scheduler.o
                0x7000502c                rt_exit_critical
 .text.rt_thread_exit
                0x70005068       0x5c build\kernel\src\thread.o
                0x70005068                rt_thread_exit
 .text._rt_thread_init.isra.0
                0x700050c4       0x98 build\kernel\src\thread.o
 .text.rt_thread_timeout
                0x7000515c       0x78 build\kernel\src\thread.o
                0x7000515c                rt_thread_timeout
 .text.rt_thread_init
                0x700051d4       0x68 build\kernel\src\thread.o
                0x700051d4                rt_thread_init
 .text.rt_thread_self
                0x7000523c        0xc build\kernel\src\thread.o
                0x7000523c                rt_thread_self
 .text.rt_thread_create
                0x70005248       0x4a build\kernel\src\thread.o
                0x70005248                rt_thread_create
 .text.rt_thread_yield
                0x70005292        0xa build\kernel\src\thread.o
                0x70005292                rt_thread_yield
 .text.rt_thread_suspend
                0x7000529c       0xa8 build\kernel\src\thread.o
                0x7000529c                rt_thread_suspend
 .text.rt_thread_sleep
                0x70005344       0x78 build\kernel\src\thread.o
                0x70005344                rt_thread_sleep
 .text.rt_thread_mdelay
                0x700053bc        0xe build\kernel\src\thread.o
                0x700053bc                rt_thread_mdelay
 *fill*         0x700053ca        0x2 
 .text.rt_thread_resume
                0x700053cc       0x84 build\kernel\src\thread.o
                0x700053cc                rt_thread_resume
 .text.rt_thread_startup
                0x70005450       0x78 build\kernel\src\thread.o
                0x70005450                rt_thread_startup
 .text._rt_timer_remove
                0x700054c8       0x14 build\kernel\src\timer.o
 .text.rt_timer_init
                0x700054dc       0x48 build\kernel\src\timer.o
                0x700054dc                rt_timer_init
 .text.rt_timer_detach
                0x70005524       0x64 build\kernel\src\timer.o
                0x70005524                rt_timer_detach
 .text.rt_timer_start
                0x70005588       0xd0 build\kernel\src\timer.o
                0x70005588                rt_timer_start
 .text.rt_timer_stop
                0x70005658       0x6c build\kernel\src\timer.o
                0x70005658                rt_timer_stop
 .text.rt_timer_control
                0x700056c4       0x74 build\kernel\src\timer.o
                0x700056c4                rt_timer_control
 .text.rt_timer_check
                0x70005738       0x88 build\kernel\src\timer.o
                0x70005738                rt_timer_check
 .text.rt_system_timer_init
                0x700057c0        0xc build\kernel\src\timer.o
                0x700057c0                rt_system_timer_init
 .text.rt_system_timer_thread_init
                0x700057cc        0x2 build\kernel\src\timer.o
                0x700057cc                rt_system_timer_thread_init
 *fill*         0x700057ce        0x2 
 .text.rt_hw_stack_init
                0x700057d0       0x4c build\kernel\libcpu\arm\cortex-m7\cpuport.o
                0x700057d0                rt_hw_stack_init
 .text.rt_hw_hard_fault_exception
                0x7000581c      0x2e4 build\kernel\libcpu\arm\cortex-m7\cpuport.o
                0x7000581c                rt_hw_hard_fault_exception
 .text._pin_control
                0x70005b00       0x34 build\kernel\components\drivers\misc\pin.o
 .text.rt_pin_mode
                0x70005b34       0x34 build\kernel\components\drivers\misc\pin.o
                0x70005b34                rt_pin_mode
 .text.rt_pin_write
                0x70005b68       0x34 build\kernel\components\drivers\misc\pin.o
                0x70005b68                rt_pin_write
 .text.rt_pin_read
                0x70005b9c       0x30 build\kernel\components\drivers\misc\pin.o
                0x70005b9c                rt_pin_read
 .text.rt_pin_get
                0x70005bcc       0x4c build\kernel\components\drivers\misc\pin.o
                0x70005bcc                rt_pin_get
 .text._pin_write
                0x70005c18       0x3c build\kernel\components\drivers\misc\pin.o
 .text._pin_read
                0x70005c54       0x3c build\kernel\components\drivers\misc\pin.o
 .text.rt_device_pin_register
                0x70005c90       0x44 build\kernel\components\drivers\misc\pin.o
                0x70005c90                rt_device_pin_register
 .text.rt_serial_init
                0x70005cd4       0x38 build\kernel\components\drivers\serial\serial.o
 .text.rt_serial_open
                0x70005d0c      0x11c build\kernel\components\drivers\serial\serial.o
 .text.rt_serial_control
                0x70005e28       0x88 build\kernel\components\drivers\serial\serial.o
 .text.rt_serial_write
                0x70005eb0       0x9c build\kernel\components\drivers\serial\serial.o
 .text.rt_serial_read
                0x70005f4c       0xc4 build\kernel\components\drivers\serial\serial.o
 .text.rt_serial_close
                0x70006010       0x98 build\kernel\components\drivers\serial\serial.o
 .text.rt_hw_serial_register
                0x700060a8       0x68 build\kernel\components\drivers\serial\serial.o
                0x700060a8                rt_hw_serial_register
 .text.rt_hw_serial_isr
                0x70006110       0xec build\kernel\components\drivers\serial\serial.o
                0x70006110                rt_hw_serial_isr
 .text.rt_completion_init
                0x700061fc       0x30 build\kernel\components\drivers\src\completion.o
                0x700061fc                rt_completion_init
 .text.rt_completion_wait
                0x7000622c       0xd4 build\kernel\components\drivers\src\completion.o
                0x7000622c                rt_completion_wait
 .text.rt_completion_done
                0x70006300       0x50 build\kernel\components\drivers\src\completion.o
                0x70006300                rt_completion_done
 .text.finsh_rx_ind
                0x70006350       0x2c build\kernel\components\finsh\shell.o
 .text.finsh_get_prompt
                0x7000637c       0x60 build\kernel\components\finsh\shell.o
                0x7000637c                finsh_get_prompt
 .text.shell_handle_history
                0x700063dc       0x28 build\kernel\components\finsh\shell.o
 .text.finsh_set_prompt_mode
                0x70006404       0x34 build\kernel\components\finsh\shell.o
                0x70006404                finsh_set_prompt_mode
 .text.finsh_system_init
                0x70006438       0xa4 build\kernel\components\finsh\shell.o
                0x70006438                finsh_system_init
 .text.finsh_set_device
                0x700064dc       0x98 build\kernel\components\finsh\shell.o
                0x700064dc                finsh_set_device
 .text.finsh_thread_entry
                0x70006574      0x3e8 build\kernel\components\finsh\shell.o
                0x70006574                finsh_thread_entry
 .text.rt_list_len
                0x7000695c       0x12 build\kernel\components\finsh\cmd.o
 *fill*         0x7000696e        0x2 
 .text.hello    0x70006970       0x10 build\kernel\components\finsh\cmd.o
                0x70006970                hello
 .text.clear    0x70006980       0x10 build\kernel\components\finsh\cmd.o
 .text.show_wait_queue
                0x70006990       0x30 build\kernel\components\finsh\cmd.o
 .text.version  0x700069c0        0xa build\kernel\components\finsh\cmd.o
                0x700069c0                version
 .text.list_get_next
                0x700069ca       0x66 build\kernel\components\finsh\cmd.o
 .text.list     0x70006a30       0x48 build\kernel\components\finsh\cmd.o
                0x70006a30                list
 .text.object_split.constprop.1
                0x70006a78       0x18 build\kernel\components\finsh\cmd.o
 .text.list_thread
                0x70006a90      0x128 build\kernel\components\finsh\cmd.o
                0x70006a90                list_thread
 .text.list_memheap
                0x70006bb8       0xa0 build\kernel\components\finsh\cmd.o
                0x70006bb8                list_memheap
 .text.list_device
                0x70006c58       0xb4 build\kernel\components\finsh\cmd.o
                0x70006c58                list_device
 .text.list_mutex
                0x70006d0c       0xb4 build\kernel\components\finsh\cmd.o
                0x70006d0c                list_mutex
 .text.list_timer
                0x70006dc0       0xc4 build\kernel\components\finsh\cmd.o
                0x70006dc0                list_timer
 .text.list_event
                0x70006e84       0xd8 build\kernel\components\finsh\cmd.o
                0x70006e84                list_event
 .text.list_msgqueue
                0x70006f5c       0xe0 build\kernel\components\finsh\cmd.o
                0x70006f5c                list_msgqueue
 .text.list_sem
                0x7000703c       0xe0 build\kernel\components\finsh\cmd.o
                0x7000703c                list_sem
 .text.list_mailbox
                0x7000711c       0xe8 build\kernel\components\finsh\cmd.o
                0x7000711c                list_mailbox
 .text.list_mempool
                0x70007204       0xe8 build\kernel\components\finsh\cmd.o
                0x70007204                list_mempool
 .text.msh_help
                0x700072ec       0x54 build\kernel\components\finsh\msh.o
                0x700072ec                msh_help
 .text.cmd_ps   0x70007340        0xa build\kernel\components\finsh\msh.o
                0x70007340                cmd_ps
 .text.cmd_free
                0x7000734a        0xa build\kernel\components\finsh\msh.o
                0x7000734a                cmd_free
 .text.msh_is_used
                0x70007354        0x4 build\kernel\components\finsh\msh.o
                0x70007354                msh_is_used
 .text.msh_exec
                0x70007358      0x198 build\kernel\components\finsh\msh.o
                0x70007358                msh_exec
 .text.msh_auto_complete
                0x700074f0       0xb4 build\kernel\components\finsh\msh.o
                0x700074f0                msh_auto_complete
 .text.libc_system_init
                0x700075a4        0x4 build\kernel\components\libc\compilers\newlib\libc.o
                0x700075a4                libc_system_init
 .text._close_r
                0x700075a8        0x4 build\kernel\components\libc\compilers\newlib\syscalls.o
                0x700075a8                _close_r
 .text._fstat_r
                0x700075ac        0xa build\kernel\components\libc\compilers\newlib\syscalls.o
                0x700075ac                _fstat_r
 .text._isatty_r
                0x700075b6       0x10 build\kernel\components\libc\compilers\newlib\syscalls.o
                0x700075b6                _isatty_r
 .text._lseek_r
                0x700075c6        0x4 build\kernel\components\libc\compilers\newlib\syscalls.o
                0x700075c6                _lseek_r
 .text._read_r  0x700075ca        0x4 build\kernel\components\libc\compilers\newlib\syscalls.o
                0x700075ca                _read_r
 *fill*         0x700075ce        0x2 
 .text._write_r
                0x700075d0       0x34 build\kernel\components\libc\compilers\newlib\syscalls.o
                0x700075d0                _write_r
 .text._malloc_r
                0x70007604       0x12 build\kernel\components\libc\compilers\newlib\syscalls.o
                0x70007604                _malloc_r
 .text._realloc_r
                0x70007616       0x14 build\kernel\components\libc\compilers\newlib\syscalls.o
                0x70007616                _realloc_r
 .text._free_r  0x7000762a        0x6 build\kernel\components\libc\compilers\newlib\syscalls.o
                0x7000762a                _free_r
 .text.abort    0x70007630       0x28 build\kernel\components\libc\compilers\newlib\syscalls.o
                0x70007630                abort
 .text.SystemInitHook
                0x70007658        0x2 libraries\MIMXRT1064\MIMXRT1064\system_MIMXRT1064.o
                0x70007658                SystemInitHook
 *fill*         0x7000765a        0x2 
 .text.SystemInit
                0x7000765c      0x118 libraries\MIMXRT1064\MIMXRT1064\system_MIMXRT1064.o
                0x7000765c                SystemInit
 .text.CLOCK_GetOscFreq
                0x70007774       0x20 libraries\MIMXRT1064\MIMXRT1064\drivers\fsl_clock.o
 .text.CLOCK_InitExternalClk
                0x70007794       0x50 libraries\MIMXRT1064\MIMXRT1064\drivers\fsl_clock.o
                0x70007794                CLOCK_InitExternalClk
 .text.CLOCK_SwitchOsc
                0x700077e4       0x18 libraries\MIMXRT1064\MIMXRT1064\drivers\fsl_clock.o
                0x700077e4                CLOCK_SwitchOsc
 .text.CLOCK_InitRcOsc24M
                0x700077fc       0x14 libraries\MIMXRT1064\MIMXRT1064\drivers\fsl_clock.o
                0x700077fc                CLOCK_InitRcOsc24M
 .text.CLOCK_InitArmPll
                0x70007810       0x44 libraries\MIMXRT1064\MIMXRT1064\drivers\fsl_clock.o
                0x70007810                CLOCK_InitArmPll
 .text.CLOCK_DeinitUsb2Pll
                0x70007854        0xc libraries\MIMXRT1064\MIMXRT1064\drivers\fsl_clock.o
                0x70007854                CLOCK_DeinitUsb2Pll
 .text.CLOCK_DeinitAudioPll
                0x70007860       0x10 libraries\MIMXRT1064\MIMXRT1064\drivers\fsl_clock.o
                0x70007860                CLOCK_DeinitAudioPll
 .text.CLOCK_DeinitVideoPll
                0x70007870       0x10 libraries\MIMXRT1064\MIMXRT1064\drivers\fsl_clock.o
                0x70007870                CLOCK_DeinitVideoPll
 .text.CLOCK_DeinitEnetPll
                0x70007880       0x10 libraries\MIMXRT1064\MIMXRT1064\drivers\fsl_clock.o
                0x70007880                CLOCK_DeinitEnetPll
 .text.CLOCK_GetPllFreq
                0x70007890      0x208 libraries\MIMXRT1064\MIMXRT1064\drivers\fsl_clock.o
                0x70007890                CLOCK_GetPllFreq
 .text.GPIO_PinWrite
                0x70007a98       0x38 libraries\MIMXRT1064\MIMXRT1064\drivers\fsl_gpio.o
                0x70007a98                GPIO_PinWrite
 .text.GPIO_PinSetInterruptConfig
                0x70007ad0       0x80 libraries\MIMXRT1064\MIMXRT1064\drivers\fsl_gpio.o
                0x70007ad0                GPIO_PinSetInterruptConfig
 .text.GPIO_PinInit
                0x70007b50       0xb0 libraries\MIMXRT1064\MIMXRT1064\drivers\fsl_gpio.o
                0x70007b50                GPIO_PinInit
 .text.CLOCK_ControlGate
                0x70007c00       0x44 libraries\MIMXRT1064\MIMXRT1064\drivers\fsl_lpuart.o
 .text.LPUART_GetInstance
                0x70007c44       0x34 libraries\MIMXRT1064\MIMXRT1064\drivers\fsl_lpuart.o
                0x70007c44                LPUART_GetInstance
 .text.LPUART_Init
                0x70007c78      0x1ec libraries\MIMXRT1064\MIMXRT1064\drivers\fsl_lpuart.o
                0x70007c78                LPUART_Init
 .text.LPUART_GetDefaultConfig
                0x70007e64       0x44 libraries\MIMXRT1064\MIMXRT1064\drivers\fsl_lpuart.o
                0x70007e64                LPUART_GetDefaultConfig
 .text.LPUART_EnableInterrupts
                0x70007ea8       0x28 libraries\MIMXRT1064\MIMXRT1064\drivers\fsl_lpuart.o
                0x70007ea8                LPUART_EnableInterrupts
 .text.LPUART_GetStatusFlags
                0x70007ed0        0xe libraries\MIMXRT1064\MIMXRT1064\drivers\fsl_lpuart.o
                0x70007ed0                LPUART_GetStatusFlags
 *fill*         0x70007ede        0x2 
 .text.LPUART_ClearStatusFlags
                0x70007ee0       0x48 libraries\MIMXRT1064\MIMXRT1064\drivers\fsl_lpuart.o
                0x70007ee0                LPUART_ClearStatusFlags
 .text.LPUART1_DriverIRQHandler
                0x70007f28       0x18 libraries\MIMXRT1064\MIMXRT1064\drivers\fsl_lpuart.o
                0x70007f28                LPUART1_DriverIRQHandler
 .text.LPUART2_DriverIRQHandler
                0x70007f40       0x18 libraries\MIMXRT1064\MIMXRT1064\drivers\fsl_lpuart.o
                0x70007f40                LPUART2_DriverIRQHandler
 .text.LPUART3_DriverIRQHandler
                0x70007f58       0x18 libraries\MIMXRT1064\MIMXRT1064\drivers\fsl_lpuart.o
                0x70007f58                LPUART3_DriverIRQHandler
 .text.LPUART4_DriverIRQHandler
                0x70007f70       0x18 libraries\MIMXRT1064\MIMXRT1064\drivers\fsl_lpuart.o
                0x70007f70                LPUART4_DriverIRQHandler
 .text.LPUART5_DriverIRQHandler
                0x70007f88       0x18 libraries\MIMXRT1064\MIMXRT1064\drivers\fsl_lpuart.o
                0x70007f88                LPUART5_DriverIRQHandler
 .text.LPUART6_DriverIRQHandler
                0x70007fa0       0x18 libraries\MIMXRT1064\MIMXRT1064\drivers\fsl_lpuart.o
                0x70007fa0                LPUART6_DriverIRQHandler
 .text.LPUART7_DriverIRQHandler
                0x70007fb8       0x18 libraries\MIMXRT1064\MIMXRT1064\drivers\fsl_lpuart.o
                0x70007fb8                LPUART7_DriverIRQHandler
 .text.LPUART8_DriverIRQHandler
                0x70007fd0       0x18 libraries\MIMXRT1064\MIMXRT1064\drivers\fsl_lpuart.o
                0x70007fd0                LPUART8_DriverIRQHandler
 .text.imxrt_isr
                0x70007fe8       0x54 libraries\drivers\drv_gpio.o
 .text.rt_hw_pin_init
                0x7000803c       0x14 libraries\drivers\drv_gpio.o
                0x7000803c                rt_hw_pin_init
 .text.imxrt_pin_read
                0x70008050       0x38 libraries\drivers\drv_gpio.o
 .text.imxrt_pin_write
                0x70008088       0x34 libraries\drivers\drv_gpio.o
 .text.imxrt_pin_detach_irq
                0x700080bc       0x5c libraries\drivers\drv_gpio.o
 .text.imxrt_pin_attach_irq
                0x70008118       0x80 libraries\drivers\drv_gpio.o
 .text.imxrt_pin_irq_enable
                0x70008198      0x108 libraries\drivers\drv_gpio.o
 .text.imxrt_pin_mode
                0x700082a0       0xcc libraries\drivers\drv_gpio.o
 .text.GPIO1_Combined_0_15_IRQHandler
                0x7000836c       0x1c libraries\drivers\drv_gpio.o
                0x7000836c                GPIO1_Combined_0_15_IRQHandler
 .text.GPIO1_Combined_16_31_IRQHandler
                0x70008388       0x1c libraries\drivers\drv_gpio.o
                0x70008388                GPIO1_Combined_16_31_IRQHandler
 .text.GPIO2_Combined_0_15_IRQHandler
                0x700083a4       0x1c libraries\drivers\drv_gpio.o
                0x700083a4                GPIO2_Combined_0_15_IRQHandler
 .text.GPIO2_Combined_16_31_IRQHandler
                0x700083c0       0x1c libraries\drivers\drv_gpio.o
                0x700083c0                GPIO2_Combined_16_31_IRQHandler
 .text.GPIO3_Combined_0_15_IRQHandler
                0x700083dc       0x1c libraries\drivers\drv_gpio.o
                0x700083dc                GPIO3_Combined_0_15_IRQHandler
 .text.GPIO3_Combined_16_31_IRQHandler
                0x700083f8       0x1c libraries\drivers\drv_gpio.o
                0x700083f8                GPIO3_Combined_16_31_IRQHandler
 .text.GPIO4_Combined_0_15_IRQHandler
                0x70008414       0x1c libraries\drivers\drv_gpio.o
                0x70008414                GPIO4_Combined_0_15_IRQHandler
 .text.GPIO4_Combined_16_31_IRQHandler
                0x70008430       0x1c libraries\drivers\drv_gpio.o
                0x70008430                GPIO4_Combined_16_31_IRQHandler
 .text.GPIO5_Combined_0_15_IRQHandler
                0x7000844c       0x1c libraries\drivers\drv_gpio.o
                0x7000844c                GPIO5_Combined_0_15_IRQHandler
 .text.imxrt_getc
                0x70008468       0x4c libraries\drivers\drv_uart.o
 .text.imxrt_putc
                0x700084b4       0x34 libraries\drivers\drv_uart.o
 .text.rt_hw_uart_init
                0x700084e8       0x44 libraries\drivers\drv_uart.o
                0x700084e8                rt_hw_uart_init
 .text.imxrt_control
                0x7000852c       0xd8 libraries\drivers\drv_uart.o
 .text.LPUART1_IRQHandler
                0x70008604       0x40 libraries\drivers\drv_uart.o
                0x70008604                LPUART1_IRQHandler
 .text.GetUartSrcFreq
                0x70008644       0x5c libraries\drivers\drv_uart.o
                0x70008644                GetUartSrcFreq
 .text.imxrt_configure
                0x700086a0       0x98 libraries\drivers\drv_uart.o
 .text.__assert_func
                0x70008738       0x3c c:/users/yaxing.chen/downloads/env_released_1.2.0/env/tools/gnu_gcc/arm_gcc/mingw/bin/../lib/gcc/arm-none-eabi/5.4.1/../../../../arm-none-eabi/lib/armv7e-m/fpu/fpv5-d16\libc.a(lib_a-assert.o)
                0x70008738                __assert_func
 .text._fclose_r
                0x70008774       0x84 c:/users/yaxing.chen/downloads/env_released_1.2.0/env/tools/gnu_gcc/arm_gcc/mingw/bin/../lib/gcc/arm-none-eabi/5.4.1/../../../../arm-none-eabi/lib/armv7e-m/fpu/fpv5-d16\libc.a(lib_a-fclose.o)
                0x70008774                _fclose_r
 .text.__sflush_r
                0x700087f8      0x148 c:/users/yaxing.chen/downloads/env_released_1.2.0/env/tools/gnu_gcc/arm_gcc/mingw/bin/../lib/gcc/arm-none-eabi/5.4.1/../../../../arm-none-eabi/lib/armv7e-m/fpu/fpv5-d16\libc.a(lib_a-fflush.o)
                0x700087f8                __sflush_r
 .text._fflush_r
                0x70008940       0x2c c:/users/yaxing.chen/downloads/env_released_1.2.0/env/tools/gnu_gcc/arm_gcc/mingw/bin/../lib/gcc/arm-none-eabi/5.4.1/../../../../arm-none-eabi/lib/armv7e-m/fpu/fpv5-d16\libc.a(lib_a-fflush.o)
                0x70008940                _fflush_r
 .text.fileno   0x7000896c       0x34 c:/users/yaxing.chen/downloads/env_released_1.2.0/env/tools/gnu_gcc/arm_gcc/mingw/bin/../lib/gcc/arm-none-eabi/5.4.1/../../../../arm-none-eabi/lib/armv7e-m/fpu/fpv5-d16\libc.a(lib_a-fileno.o)
                0x7000896c                fileno
 .text._cleanup_r
                0x700089a0        0xc c:/users/yaxing.chen/downloads/env_released_1.2.0/env/tools/gnu_gcc/arm_gcc/mingw/bin/../lib/gcc/arm-none-eabi/5.4.1/../../../../arm-none-eabi/lib/armv7e-m/fpu/fpv5-d16\libc.a(lib_a-findfp.o)
                0x700089a0                _cleanup_r
 .text.__sinit.part.1
                0x700089ac       0xf0 c:/users/yaxing.chen/downloads/env_released_1.2.0/env/tools/gnu_gcc/arm_gcc/mingw/bin/../lib/gcc/arm-none-eabi/5.4.1/../../../../arm-none-eabi/lib/armv7e-m/fpu/fpv5-d16\libc.a(lib_a-findfp.o)
 .text.__sinit  0x70008a9c        0xc c:/users/yaxing.chen/downloads/env_released_1.2.0/env/tools/gnu_gcc/arm_gcc/mingw/bin/../lib/gcc/arm-none-eabi/5.4.1/../../../../arm-none-eabi/lib/armv7e-m/fpu/fpv5-d16\libc.a(lib_a-findfp.o)
                0x70008a9c                __sinit
 .text.__sfp_lock_acquire
                0x70008aa8        0x4 c:/users/yaxing.chen/downloads/env_released_1.2.0/env/tools/gnu_gcc/arm_gcc/mingw/bin/../lib/gcc/arm-none-eabi/5.4.1/../../../../arm-none-eabi/lib/armv7e-m/fpu/fpv5-d16\libc.a(lib_a-findfp.o)
                0x70008aa8                __sfp_lock_acquire
 .text.__sfp_lock_release
                0x70008aac        0x4 c:/users/yaxing.chen/downloads/env_released_1.2.0/env/tools/gnu_gcc/arm_gcc/mingw/bin/../lib/gcc/arm-none-eabi/5.4.1/../../../../arm-none-eabi/lib/armv7e-m/fpu/fpv5-d16\libc.a(lib_a-findfp.o)
                0x70008aac                __sfp_lock_release
 .text.fiprintf
                0x70008ab0       0x28 c:/users/yaxing.chen/downloads/env_released_1.2.0/env/tools/gnu_gcc/arm_gcc/mingw/bin/../lib/gcc/arm-none-eabi/5.4.1/../../../../arm-none-eabi/lib/armv7e-m/fpu/fpv5-d16\libc.a(lib_a-fiprintf.o)
                0x70008ab0                fiprintf
 .text._fwalk_reent
                0x70008ad8       0x54 c:/users/yaxing.chen/downloads/env_released_1.2.0/env/tools/gnu_gcc/arm_gcc/mingw/bin/../lib/gcc/arm-none-eabi/5.4.1/../../../../arm-none-eabi/lib/armv7e-m/fpu/fpv5-d16\libc.a(lib_a-fwalk.o)
                0x70008ad8                _fwalk_reent
 .text.__swhatbuf_r
                0x70008b2c       0x60 c:/users/yaxing.chen/downloads/env_released_1.2.0/env/tools/gnu_gcc/arm_gcc/mingw/bin/../lib/gcc/arm-none-eabi/5.4.1/../../../../arm-none-eabi/lib/armv7e-m/fpu/fpv5-d16\libc.a(lib_a-makebuf.o)
                0x70008b2c                __swhatbuf_r
 .text.__smakebuf_r
                0x70008b8c       0x88 c:/users/yaxing.chen/downloads/env_released_1.2.0/env/tools/gnu_gcc/arm_gcc/mingw/bin/../lib/gcc/arm-none-eabi/5.4.1/../../../../arm-none-eabi/lib/armv7e-m/fpu/fpv5-d16\libc.a(lib_a-makebuf.o)
                0x70008b8c                __smakebuf_r
 .text.memcmp   0x70008c14       0x64 c:/users/yaxing.chen/downloads/env_released_1.2.0/env/tools/gnu_gcc/arm_gcc/mingw/bin/../lib/gcc/arm-none-eabi/5.4.1/../../../../arm-none-eabi/lib/armv7e-m/fpu/fpv5-d16\libc.a(lib_a-memcmp.o)
                0x70008c14                memcmp
 .text.memset   0x70008c78       0x9c c:/users/yaxing.chen/downloads/env_released_1.2.0/env/tools/gnu_gcc/arm_gcc/mingw/bin/../lib/gcc/arm-none-eabi/5.4.1/../../../../arm-none-eabi/lib/armv7e-m/fpu/fpv5-d16\libc.a(lib_a-memset.o)
                0x70008c78                memset
 .text.__sread  0x70008d14       0x24 c:/users/yaxing.chen/downloads/env_released_1.2.0/env/tools/gnu_gcc/arm_gcc/mingw/bin/../lib/gcc/arm-none-eabi/5.4.1/../../../../arm-none-eabi/lib/armv7e-m/fpu/fpv5-d16\libc.a(lib_a-stdio.o)
                0x70008d14                __sread
 .text.__swrite
                0x70008d38       0x3c c:/users/yaxing.chen/downloads/env_released_1.2.0/env/tools/gnu_gcc/arm_gcc/mingw/bin/../lib/gcc/arm-none-eabi/5.4.1/../../../../arm-none-eabi/lib/armv7e-m/fpu/fpv5-d16\libc.a(lib_a-stdio.o)
                0x70008d38                __swrite
 .text.__sseek  0x70008d74       0x20 c:/users/yaxing.chen/downloads/env_released_1.2.0/env/tools/gnu_gcc/arm_gcc/mingw/bin/../lib/gcc/arm-none-eabi/5.4.1/../../../../arm-none-eabi/lib/armv7e-m/fpu/fpv5-d16\libc.a(lib_a-stdio.o)
                0x70008d74                __sseek
 .text.__sclose
                0x70008d94        0x8 c:/users/yaxing.chen/downloads/env_released_1.2.0/env/tools/gnu_gcc/arm_gcc/mingw/bin/../lib/gcc/arm-none-eabi/5.4.1/../../../../arm-none-eabi/lib/armv7e-m/fpu/fpv5-d16\libc.a(lib_a-stdio.o)
                0x70008d94                __sclose
 .text.strcat   0x70008d9c       0x40 c:/users/yaxing.chen/downloads/env_released_1.2.0/env/tools/gnu_gcc/arm_gcc/mingw/bin/../lib/gcc/arm-none-eabi/5.4.1/../../../../arm-none-eabi/lib/armv7e-m/fpu/fpv5-d16\libc.a(lib_a-strcat.o)
                0x70008d9c                strcat
 .text.strcpy   0x70008ddc       0xbc c:/users/yaxing.chen/downloads/env_released_1.2.0/env/tools/gnu_gcc/arm_gcc/mingw/bin/../lib/gcc/arm-none-eabi/5.4.1/../../../../arm-none-eabi/lib/armv7e-m/fpu/fpv5-d16\libc.a(lib_a-strcpy.o)
                0x70008ddc                strcpy
 .text.strncmp  0x70008e98       0xa0 c:/users/yaxing.chen/downloads/env_released_1.2.0/env/tools/gnu_gcc/arm_gcc/mingw/bin/../lib/gcc/arm-none-eabi/5.4.1/../../../../arm-none-eabi/lib/armv7e-m/fpu/fpv5-d16\libc.a(lib_a-strncmp.o)
                0x70008e98                strncmp
 .text.strncpy  0x70008f38       0x68 c:/users/yaxing.chen/downloads/env_released_1.2.0/env/tools/gnu_gcc/arm_gcc/mingw/bin/../lib/gcc/arm-none-eabi/5.4.1/../../../../arm-none-eabi/lib/armv7e-m/fpu/fpv5-d16\libc.a(lib_a-strncpy.o)
                0x70008f38                strncpy
 .text.__sprint_r.part.0
                0x70008fa0       0x78 c:/users/yaxing.chen/downloads/env_released_1.2.0/env/tools/gnu_gcc/arm_gcc/mingw/bin/../lib/gcc/arm-none-eabi/5.4.1/../../../../arm-none-eabi/lib/armv7e-m/fpu/fpv5-d16\libc.a(lib_a-vfiprintf.o)
 .text._vfiprintf_r
                0x70009018      0xdfc c:/users/yaxing.chen/downloads/env_released_1.2.0/env/tools/gnu_gcc/arm_gcc/mingw/bin/../lib/gcc/arm-none-eabi/5.4.1/../../../../arm-none-eabi/lib/armv7e-m/fpu/fpv5-d16\libc.a(lib_a-vfiprintf.o)
                0x70009018                _vfiprintf_r
 .text.__sbprintf
                0x70009e14       0x6c c:/users/yaxing.chen/downloads/env_released_1.2.0/env/tools/gnu_gcc/arm_gcc/mingw/bin/../lib/gcc/arm-none-eabi/5.4.1/../../../../arm-none-eabi/lib/armv7e-m/fpu/fpv5-d16\libc.a(lib_a-vfiprintf.o)
 .text.__swsetup_r
                0x70009e80       0xc8 c:/users/yaxing.chen/downloads/env_released_1.2.0/env/tools/gnu_gcc/arm_gcc/mingw/bin/../lib/gcc/arm-none-eabi/5.4.1/../../../../arm-none-eabi/lib/armv7e-m/fpu/fpv5-d16\libc.a(lib_a-wsetup.o)
                0x70009e80                __swsetup_r
 .text.__fputwc
                0x70009f48       0x98 c:/users/yaxing.chen/downloads/env_released_1.2.0/env/tools/gnu_gcc/arm_gcc/mingw/bin/../lib/gcc/arm-none-eabi/5.4.1/../../../../arm-none-eabi/lib/armv7e-m/fpu/fpv5-d16\libc.a(lib_a-fputwc.o)
                0x70009f48                __fputwc
 .text._fputwc_r
                0x70009fe0       0x28 c:/users/yaxing.chen/downloads/env_released_1.2.0/env/tools/gnu_gcc/arm_gcc/mingw/bin/../lib/gcc/arm-none-eabi/5.4.1/../../../../arm-none-eabi/lib/armv7e-m/fpu/fpv5-d16\libc.a(lib_a-fputwc.o)
                0x70009fe0                _fputwc_r
 .text.__sfvwrite_r
                0x7000a008      0x304 c:/users/yaxing.chen/downloads/env_released_1.2.0/env/tools/gnu_gcc/arm_gcc/mingw/bin/../lib/gcc/arm-none-eabi/5.4.1/../../../../arm-none-eabi/lib/armv7e-m/fpu/fpv5-d16\libc.a(lib_a-fvwrite.o)
                0x7000a008                __sfvwrite_r
 .text.__locale_mb_cur_max
                0x7000a30c       0x1c c:/users/yaxing.chen/downloads/env_released_1.2.0/env/tools/gnu_gcc/arm_gcc/mingw/bin/../lib/gcc/arm-none-eabi/5.4.1/../../../../arm-none-eabi/lib/armv7e-m/fpu/fpv5-d16\libc.a(lib_a-locale.o)
                0x7000a30c                __locale_mb_cur_max
 .text.__ascii_mbtowc
                0x7000a328       0x2c c:/users/yaxing.chen/downloads/env_released_1.2.0/env/tools/gnu_gcc/arm_gcc/mingw/bin/../lib/gcc/arm-none-eabi/5.4.1/../../../../arm-none-eabi/lib/armv7e-m/fpu/fpv5-d16\libc.a(lib_a-mbtowc_r.o)
                0x7000a328                __ascii_mbtowc
 .text.memmove  0x7000a354       0xc8 c:/users/yaxing.chen/downloads/env_released_1.2.0/env/tools/gnu_gcc/arm_gcc/mingw/bin/../lib/gcc/arm-none-eabi/5.4.1/../../../../arm-none-eabi/lib/armv7e-m/fpu/fpv5-d16\libc.a(lib_a-memmove.o)
                0x7000a354                memmove
 .text.__swbuf_r
                0x7000a41c       0xac c:/users/yaxing.chen/downloads/env_released_1.2.0/env/tools/gnu_gcc/arm_gcc/mingw/bin/../lib/gcc/arm-none-eabi/5.4.1/../../../../arm-none-eabi/lib/armv7e-m/fpu/fpv5-d16\libc.a(lib_a-wbuf.o)
                0x7000a41c                __swbuf_r
 .text._wcrtomb_r
                0x7000a4c8       0x54 c:/users/yaxing.chen/downloads/env_released_1.2.0/env/tools/gnu_gcc/arm_gcc/mingw/bin/../lib/gcc/arm-none-eabi/5.4.1/../../../../arm-none-eabi/lib/armv7e-m/fpu/fpv5-d16\libc.a(lib_a-wcrtomb.o)
                0x7000a4c8                _wcrtomb_r
 .text.__ascii_wctomb
                0x7000a51c       0x1c c:/users/yaxing.chen/downloads/env_released_1.2.0/env/tools/gnu_gcc/arm_gcc/mingw/bin/../lib/gcc/arm-none-eabi/5.4.1/../../../../arm-none-eabi/lib/armv7e-m/fpu/fpv5-d16\libc.a(lib_a-wctomb_r.o)
                0x7000a51c                __ascii_wctomb
 *(.rodata)
 .rodata        0x7000a538       0x10 libraries\MIMXRT1064\MIMXRT1064\drivers\fsl_clock.o
 .rodata        0x7000a548        0x8 libraries\drivers\drv_uart.o
 *(.rodata*)
 .rodata.name   0x7000a550       0x1a build\applications\main.o
                0x7000a550                __fsym___cmd_reboot_desc
                0x7000a55d                __fsym___cmd_reboot_name
 .rodata.str1.1
                0x7000a56a        0x6 build\board\board.o
 .rodata.__func__.9257
                0x7000a570       0x12 build\board\MCUX_Config\clock_config.o
 *fill*         0x7000a582        0x2 
 .rodata.armPllConfig_BOARD_BootClockRUN
                0x7000a584        0x8 build\board\MCUX_Config\clock_config.o
                0x7000a584                armPllConfig_BOARD_BootClockRUN
 .rodata.str1.1
                0x7000a58c       0x5d build\board\MCUX_Config\clock_config.o
 .rodata.__func__.9231
                0x7000a5e9        0xd build\board\MCUX_Config\clock_config.o
 .rodata.__func__.9243
                0x7000a5f6        0xd build\board\MCUX_Config\clock_config.o
 .rodata.dcd_data
                0x7000a603        0x1 build\xip\evkmimxrt1064_sdram_ini_dcd.o
                0x7000a603                dcd_data
 .rodata.__FUNCTION__.5750
                0x7000a604       0x14 build\kernel\src\components.o
 .rodata.str1.1
                0x7000a618       0x14 build\kernel\src\components.o
 .rodata.__FUNCTION__.5685
                0x7000a62c       0x10 build\kernel\src\device.o
 .rodata.__FUNCTION__.5671
                0x7000a63c       0x10 build\kernel\src\device.o
 .rodata.__FUNCTION__.5642
                0x7000a64c        0xf build\kernel\src\device.o
 .rodata.str1.1
                0x7000a65b      0x107 build\kernel\src\device.o
 .rodata.__FUNCTION__.5698
                0x7000a762       0x1a build\kernel\src\device.o
 .rodata.__FUNCTION__.5666
                0x7000a77c        0xf build\kernel\src\device.o
 .rodata.__FUNCTION__.5678
                0x7000a78b        0xf build\kernel\src\device.o
 .rodata.__FUNCTION__.5733
                0x7000a79a       0x16 build\kernel\src\idle.o
 .rodata.str1.1
                0x7000a7b0       0x2f build\kernel\src\idle.o
                                 0x31 (size before relaxing)
 .rodata.str1.1
                0x7000a7df      0x41b build\kernel\src\ipc.o
                                0x444 (size before relaxing)
 .rodata.__FUNCTION__.5763
                0x7000abfa        0xc build\kernel\src\ipc.o
 .rodata.__FUNCTION__.5774
                0x7000ac06        0xf build\kernel\src\ipc.o
 .rodata.__FUNCTION__.5739
                0x7000ac15        0xc build\kernel\src\ipc.o
 .rodata.str1.1
                0x7000ac21       0xbf build\kernel\src\kservice.o
 .rodata.__lowest_bit_bitmap
                0x7000ace0      0x100 build\kernel\src\kservice.o
                0x7000ace0                __lowest_bit_bitmap
 .rodata.small_digits.5871
                0x7000ade0       0x11 build\kernel\src\kservice.o
 .rodata.large_digits.5872
                0x7000adf1       0x11 build\kernel\src\kservice.o
 .rodata.__FUNCTION__.5744
                0x7000ae02       0x10 build\kernel\src\memheap.o
 .rodata.__FUNCTION__.5758
                0x7000ae12        0xa build\kernel\src\memheap.o
 .rodata.str1.1
                0x7000ae1c      0x12d build\kernel\src\memheap.o
                                0x159 (size before relaxing)
 .rodata.__FUNCTION__.5705
                0x7000af49       0x10 build\kernel\src\memheap.o
 .rodata.__FUNCTION__.5717
                0x7000af59       0x11 build\kernel\src\memheap.o
 .rodata.__FUNCTION__.5731
                0x7000af6a       0x13 build\kernel\src\memheap.o
 .rodata.__FUNCTION__.5813
                0x7000af7d       0x13 build\kernel\src\object.o
 .rodata.__FUNCTION__.5800
                0x7000af90       0x13 build\kernel\src\object.o
 .rodata.__FUNCTION__.5805
                0x7000afa3       0x11 build\kernel\src\object.o
 .rodata.__FUNCTION__.5809
                0x7000afb4       0x1a build\kernel\src\object.o
 .rodata.str1.1
                0x7000afce       0x49 build\kernel\src\object.o
                                 0x89 (size before relaxing)
 .rodata.__FUNCTION__.5782
                0x7000b017        0xf build\kernel\src\object.o
 .rodata.__FUNCTION__.5791
                0x7000b026       0x11 build\kernel\src\object.o
 .rodata.__FUNCTION__.5757
                0x7000b037       0x1a build\kernel\src\scheduler.o
 .rodata.str1.1
                0x7000b051       0x61 build\kernel\src\scheduler.o
 .rodata.__FUNCTION__.5763
                0x7000b0b2       0x1a build\kernel\src\scheduler.o
 .rodata.__FUNCTION__.5821
                0x7000b0cc       0x11 build\kernel\src\thread.o
 .rodata.__FUNCTION__.5745
                0x7000b0dd        0xf build\kernel\src\thread.o
 .rodata.__FUNCTION__.5754
                0x7000b0ec       0x12 build\kernel\src\thread.o
 .rodata.str1.1
                0x7000b0fe      0x181 build\kernel\src\thread.o
                                0x1aa (size before relaxing)
 .rodata.__FUNCTION__.5816
                0x7000b27f       0x12 build\kernel\src\thread.o
 .rodata.__FUNCTION__.5826
                0x7000b291       0x12 build\kernel\src\thread.o
 .rodata.__FUNCTION__.5784
                0x7000b2a3       0x10 build\kernel\src\thread.o
 .rodata.__FUNCTION__.5733
                0x7000b2b3       0x10 build\kernel\src\thread.o
 .rodata.__FUNCTION__.5754
                0x7000b2c3       0x10 build\kernel\src\timer.o
 .rodata.__FUNCTION__.5795
                0x7000b2d3        0xe build\kernel\src\timer.o
 .rodata.__FUNCTION__.5801
                0x7000b2e1       0x11 build\kernel\src\timer.o
 .rodata.__FUNCTION__.5749
                0x7000b2f2        0xe build\kernel\src\timer.o
 .rodata.str1.1
                0x7000b300       0xd0 build\kernel\src\timer.o
 .rodata.__FUNCTION__.5778
                0x7000b3d0        0xf build\kernel\src\timer.o
 .rodata.str1.1
                0x7000b3df      0x24a build\kernel\libcpu\arm\cortex-m7\cpuport.o
                                0x26b (size before relaxing)
 .rodata.__FUNCTION__.7572
                0x7000b629        0xc build\kernel\components\drivers\misc\pin.o
 .rodata.__FUNCTION__.7528
                0x7000b635        0xa build\kernel\components\drivers\misc\pin.o
 .rodata.__FUNCTION__.7580
                0x7000b63f        0xd build\kernel\components\drivers\misc\pin.o
 .rodata.__FUNCTION__.7537
                0x7000b64c        0xb build\kernel\components\drivers\misc\pin.o
 .rodata.__FUNCTION__.7587
                0x7000b657        0xc build\kernel\components\drivers\misc\pin.o
 .rodata.name   0x7000b663       0x91 build\kernel\components\drivers\misc\pin.o
                0x7000b663                __fsym_pinGet_desc
                0x7000b684                __fsym_pinGet_name
                0x7000b68b                __fsym_pinRead_desc
                0x7000b6a9                __fsym_pinRead_name
                0x7000b6b1                __fsym_pinWrite_desc
                0x7000b6cd                __fsym_pinWrite_name
                0x7000b6d6                __fsym_pinMode_desc
                0x7000b6ec                __fsym_pinMode_name
 .rodata.__FUNCTION__.7594
                0x7000b6f4        0xb build\kernel\components\drivers\misc\pin.o
 .rodata.str1.1
                0x7000b6ff       0x35 build\kernel\components\drivers\misc\pin.o
 .rodata.__FUNCTION__.7545
                0x7000b734        0xd build\kernel\components\drivers\misc\pin.o
 .rodata.__FUNCTION__.6227
                0x7000b741       0x11 build\kernel\components\drivers\serial\serial.o
 .rodata.__FUNCTION__.6187
                0x7000b752        0xf build\kernel\components\drivers\serial\serial.o
 .rodata.__FUNCTION__.6195
                0x7000b761       0x10 build\kernel\components\drivers\serial\serial.o
 .rodata.__FUNCTION__.6137
                0x7000b771        0xf build\kernel\components\drivers\serial\serial.o
 .rodata.__FUNCTION__.6150
                0x7000b780        0xf build\kernel\components\drivers\serial\serial.o
 .rodata.str1.1
                0x7000b78f       0xbe build\kernel\components\drivers\serial\serial.o
                                 0xcd (size before relaxing)
 .rodata.__FUNCTION__.6203
                0x7000b84d       0x12 build\kernel\components\drivers\serial\serial.o
 .rodata.__FUNCTION__.6163
                0x7000b85f        0xf build\kernel\components\drivers\serial\serial.o
 .rodata.__FUNCTION__.6170
                0x7000b86e        0xf build\kernel\components\drivers\serial\serial.o
 .rodata.__FUNCTION__.6218
                0x7000b87d       0x16 build\kernel\components\drivers\serial\serial.o
 .rodata.__FUNCTION__.6177
                0x7000b893       0x10 build\kernel\components\drivers\serial\serial.o
 .rodata.__FUNCTION__.6128
                0x7000b8a3       0x13 build\kernel\components\drivers\src\completion.o
 .rodata.str1.1
                0x7000b8b6       0x45 build\kernel\components\drivers\src\completion.o
                                 0x6e (size before relaxing)
 .rodata.__FUNCTION__.6113
                0x7000b8fb       0x13 build\kernel\components\drivers\src\completion.o
 .rodata.__FUNCTION__.6121
                0x7000b90e       0x13 build\kernel\components\drivers\src\completion.o
 .rodata.__FUNCTION__.7250
                0x7000b921       0x16 build\kernel\components\finsh\shell.o
 .rodata.__FUNCTION__.7255
                0x7000b937        0xe build\kernel\components\finsh\shell.o
 .rodata.str1.1
                0x7000b945       0x79 build\kernel\components\finsh\shell.o
                                 0x80 (size before relaxing)
 .rodata.__FUNCTION__.7263
                0x7000b9be        0xd build\kernel\components\finsh\shell.o
 .rodata.__FUNCTION__.7268
                0x7000b9cb       0x11 build\kernel\components\finsh\shell.o
 .rodata.name   0x7000b9dc      0x3cb build\kernel\components\finsh\cmd.o
                0x7000b9dc                __fsym_list_desc
                0x7000b9f6                __fsym_list_name
                0x7000b9fb                __fsym___cmd_list_device_desc
                0x7000ba11                __fsym___cmd_list_device_name
                0x7000ba23                __fsym_list_device_desc
                0x7000ba39                __fsym_list_device_name
                0x7000ba45                __fsym___cmd_list_timer_desc
                0x7000ba5a                __fsym___cmd_list_timer_name
                0x7000ba6b                __fsym_list_timer_desc
                0x7000ba80                __fsym_list_timer_name
                0x7000ba8b                __fsym___cmd_list_mempool_desc
                0x7000baa6                __fsym___cmd_list_mempool_name
                0x7000bab9                __fsym_list_mempool_desc
                0x7000bad4                __fsym_list_mempool_name
                0x7000bae1                __fsym___cmd_list_memheap_desc
                0x7000bafc                __fsym___cmd_list_memheap_name
                0x7000bb0f                __fsym_list_memheap_desc
                0x7000bb2a                __fsym_list_memheap_name
                0x7000bb37                __fsym___cmd_list_msgqueue_desc
                0x7000bb54                __fsym___cmd_list_msgqueue_name
                0x7000bb68                __fsym_list_msgqueue_desc
                0x7000bb85                __fsym_list_msgqueue_name
                0x7000bb93                __fsym___cmd_list_mailbox_desc
                0x7000bbab                __fsym___cmd_list_mailbox_name
                0x7000bbbe                __fsym_list_mailbox_desc
                0x7000bbd6                __fsym_list_mailbox_name
                0x7000bbe3                __fsym___cmd_list_mutex_desc
                0x7000bbf8                __fsym___cmd_list_mutex_name
                0x7000bc09                __fsym_list_mutex_desc
                0x7000bc1e                __fsym_list_mutex_name
                0x7000bc29                __fsym___cmd_list_event_desc
                0x7000bc3e                __fsym___cmd_list_event_name
                0x7000bc4f                __fsym_list_event_desc
                0x7000bc64                __fsym_list_event_name
                0x7000bc6f                __fsym___cmd_list_sem_desc
                0x7000bc88                __fsym___cmd_list_sem_name
                0x7000bc97                __fsym_list_sem_desc
                0x7000bcb0                __fsym_list_sem_name
                0x7000bcb9                __fsym___cmd_list_thread_desc
                0x7000bcc5                __fsym___cmd_list_thread_name
                0x7000bcd7                __fsym_list_thread_desc
                0x7000bce3                __fsym_list_thread_name
                0x7000bcef                __fsym___cmd_version_desc
                0x7000bd12                __fsym___cmd_version_name
                0x7000bd20                __fsym_version_desc
                0x7000bd43                __fsym_version_name
                0x7000bd4b                __fsym___cmd_clear_desc
                0x7000bd65                __fsym___cmd_clear_name
                0x7000bd71                __fsym_clear_desc
                0x7000bd8b                __fsym_clear_name
                0x7000bd91                __fsym_hello_desc
                0x7000bda1                __fsym_hello_name
 .rodata.str1.1
                0x7000bda7      0x603 build\kernel\components\finsh\cmd.o
                                0x62f (size before relaxing)
 *fill*         0x7000c3aa        0x2 
 .rodata.device_type_str
                0x7000c3ac       0x58 build\kernel\components\finsh\cmd.o
 .rodata.name   0x7000c404       0x76 build\kernel\components\finsh\msh.o
                0x7000c404                __fsym___cmd_free_desc
                0x7000c429                __fsym___cmd_free_name
                0x7000c434                __fsym___cmd_ps_desc
                0x7000c450                __fsym___cmd_ps_name
                0x7000c459                __fsym___cmd_help_desc
                0x7000c46f                __fsym___cmd_help_name
 .rodata.str1.1
                0x7000c47a       0x68 build\kernel\components\finsh\msh.o
                                 0x6e (size before relaxing)
 .rodata.str1.1
                0x7000c4e2       0x42 build\kernel\components\libc\compilers\newlib\syscalls.o
                                 0x44 (size before relaxing)
 .rodata.__func__.9428
                0x7000c524       0x16 libraries\MIMXRT1064\MIMXRT1064\drivers\fsl_clock.o
 .rodata.str1.1
                0x7000c53a       0x43 libraries\MIMXRT1064\MIMXRT1064\drivers\fsl_clock.o
 .rodata.__func__.9257
                0x7000c57d       0x12 libraries\MIMXRT1064\MIMXRT1064\drivers\fsl_gpio.o
 *fill*         0x7000c58f        0x1 
 .rodata.s_gpioClock
                0x7000c590        0xc libraries\MIMXRT1064\MIMXRT1064\drivers\fsl_gpio.o
 .rodata.str1.1
                0x7000c59c       0x93 libraries\MIMXRT1064\MIMXRT1064\drivers\fsl_gpio.o
                                 0x9e (size before relaxing)
 *fill*         0x7000c62f        0x1 
 .rodata.s_gpioBases
                0x7000c630       0x28 libraries\MIMXRT1064\MIMXRT1064\drivers\fsl_gpio.o
 .rodata.__func__.9522
                0x7000c658       0x11 libraries\MIMXRT1064\MIMXRT1064\drivers\fsl_gpio.o
 .rodata.__func__.9533
                0x7000c669        0xe libraries\MIMXRT1064\MIMXRT1064\drivers\fsl_gpio.o
 .rodata.__func__.9713
                0x7000c677        0xc libraries\MIMXRT1064\MIMXRT1064\drivers\fsl_lpuart.o
 .rodata.__func__.9740
                0x7000c683       0x18 libraries\MIMXRT1064\MIMXRT1064\drivers\fsl_lpuart.o
 *fill*         0x7000c69b        0x1 
 .rodata.s_lpuartBases
                0x7000c69c       0x24 libraries\MIMXRT1064\MIMXRT1064\drivers\fsl_lpuart.o
 .rodata.str1.1
                0x7000c6c0      0x12b libraries\MIMXRT1064\MIMXRT1064\drivers\fsl_lpuart.o
                                0x17c (size before relaxing)
 .rodata.__func__.9257
                0x7000c7eb       0x12 libraries\MIMXRT1064\MIMXRT1064\drivers\fsl_lpuart.o
 .rodata.__func__.9673
                0x7000c7fd       0x13 libraries\MIMXRT1064\MIMXRT1064\drivers\fsl_lpuart.o
 .rodata.s_lpuartClock
                0x7000c810       0x12 libraries\MIMXRT1064\MIMXRT1064\drivers\fsl_lpuart.o
 *fill*         0x7000c822        0x2 
 .rodata.mask_tab
                0x7000c824       0x28 libraries\drivers\drv_gpio.o
                0x7000c824                mask_tab
 .rodata.irq_tab
                0x7000c84c       0x14 libraries\drivers\drv_gpio.o
 .rodata.imxrt_pin_ops
                0x7000c860       0x1c libraries\drivers\drv_gpio.o
 .rodata.str1.1
                0x7000c87c        0x4 libraries\drivers\drv_gpio.o
 .rodata.CSWTCH.25
                0x7000c880        0x4 libraries\drivers\drv_gpio.o
 .rodata.reg_offset
                0x7000c884       0x80 libraries\drivers\drv_gpio.o
                0x7000c884                reg_offset
 .rodata.imxrt_uart_ops
                0x7000c904       0x14 libraries\drivers\drv_uart.o
 .rodata.__FUNCTION__.11814
                0x7000c918        0xb libraries\drivers\drv_uart.o
 .rodata.str1.1
                0x7000c923        0xf libraries\drivers\drv_uart.o
                                 0x27 (size before relaxing)
 .rodata.__FUNCTION__.11805
                0x7000c932        0xb libraries\drivers\drv_uart.o
 .rodata.__FUNCTION__.11779
                0x7000c93d       0x10 libraries\drivers\drv_uart.o
 .rodata.__FUNCTION__.11796
                0x7000c94d        0xe libraries\drivers\drv_uart.o
 *fill*         0x7000c95b        0x1 
 .rodata.str1.4
                0x7000c95c       0x3f c:/users/yaxing.chen/downloads/env_released_1.2.0/env/tools/gnu_gcc/arm_gcc/mingw/bin/../lib/gcc/arm-none-eabi/5.4.1/../../../../arm-none-eabi/lib/armv7e-m/fpu/fpv5-d16\libc.a(lib_a-assert.o)
                                 0x43 (size before relaxing)
 *fill*         0x7000c99b        0x1 
 .rodata.zeroes.7252
                0x7000c99c       0x10 c:/users/yaxing.chen/downloads/env_released_1.2.0/env/tools/gnu_gcc/arm_gcc/mingw/bin/../lib/gcc/arm-none-eabi/5.4.1/../../../../arm-none-eabi/lib/armv7e-m/fpu/fpv5-d16\libc.a(lib_a-vfiprintf.o)
 .rodata.blanks.7251
                0x7000c9ac       0x10 c:/users/yaxing.chen/downloads/env_released_1.2.0/env/tools/gnu_gcc/arm_gcc/mingw/bin/../lib/gcc/arm-none-eabi/5.4.1/../../../../arm-none-eabi/lib/armv7e-m/fpu/fpv5-d16\libc.a(lib_a-vfiprintf.o)
 .rodata.str1.4
                0x7000c9bc       0x2f c:/users/yaxing.chen/downloads/env_released_1.2.0/env/tools/gnu_gcc/arm_gcc/mingw/bin/../lib/gcc/arm-none-eabi/5.4.1/../../../../arm-none-eabi/lib/armv7e-m/fpu/fpv5-d16\libc.a(lib_a-vfiprintf.o)
 *fill*         0x7000c9eb        0x1 
 .rodata.str1.4
                0x7000c9ec       0x10 c:/users/yaxing.chen/downloads/env_released_1.2.0/env/tools/gnu_gcc/arm_gcc/mingw/bin/../lib/gcc/arm-none-eabi/5.4.1/../../../../arm-none-eabi/lib/armv7e-m/fpu/fpv5-d16\libc.a(lib_a-locale.o)
                                 0x12 (size before relaxing)
 .rodata._ctype_
                0x7000c9fc      0x101 c:/users/yaxing.chen/downloads/env_released_1.2.0/env/tools/gnu_gcc/arm_gcc/mingw/bin/../lib/gcc/arm-none-eabi/5.4.1/../../../../arm-none-eabi/lib/armv7e-m/fpu/fpv5-d16\libc.a(lib_a-ctype_.o)
                0x7000c9fc                _ctype_
 *(.glue_7)
 .glue_7        0x7000cafd        0x0 linker stubs
 *(.glue_7t)
 .glue_7t       0x7000cafd        0x0 linker stubs
 *(.eh_frame)
 *(.init)
 *(.fini)
                0x7000cb00                . = ALIGN (0x4)
 *fill*         0x7000cafd        0x3 
                0x7000cb00                . = ALIGN (0x4)
                0x7000cb00                __fsymtab_start = .
 *(FSymTab)
 FSymTab        0x7000cb00        0xc build\applications\main.o
                0x7000cb00                __fsym___cmd_reboot
 FSymTab        0x7000cb0c       0x30 build\kernel\components\drivers\misc\pin.o
                0x7000cb0c                __fsym_pinGet
                0x7000cb18                __fsym_pinRead
                0x7000cb24                __fsym_pinWrite
                0x7000cb30                __fsym_pinMode
 FSymTab        0x7000cb3c      0x138 build\kernel\components\finsh\cmd.o
                0x7000cb3c                __fsym_list
                0x7000cb48                __fsym___cmd_list_device
                0x7000cb54                __fsym_list_device
                0x7000cb60                __fsym___cmd_list_timer
                0x7000cb6c                __fsym_list_timer
                0x7000cb78                __fsym___cmd_list_mempool
                0x7000cb84                __fsym_list_mempool
                0x7000cb90                __fsym___cmd_list_memheap
                0x7000cb9c                __fsym_list_memheap
                0x7000cba8                __fsym___cmd_list_msgqueue
                0x7000cbb4                __fsym_list_msgqueue
                0x7000cbc0                __fsym___cmd_list_mailbox
                0x7000cbcc                __fsym_list_mailbox
                0x7000cbd8                __fsym___cmd_list_mutex
                0x7000cbe4                __fsym_list_mutex
                0x7000cbf0                __fsym___cmd_list_event
                0x7000cbfc                __fsym_list_event
                0x7000cc08                __fsym___cmd_list_sem
                0x7000cc14                __fsym_list_sem
                0x7000cc20                __fsym___cmd_list_thread
                0x7000cc2c                __fsym_list_thread
                0x7000cc38                __fsym___cmd_version
                0x7000cc44                __fsym_version
                0x7000cc50                __fsym___cmd_clear
                0x7000cc5c                __fsym_clear
                0x7000cc68                __fsym_hello
 FSymTab        0x7000cc74       0x24 build\kernel\components\finsh\msh.o
                0x7000cc74                __fsym___cmd_free
                0x7000cc80                __fsym___cmd_ps
                0x7000cc8c                __fsym___cmd_help
                0x7000cc98                __fsymtab_end = .
                0x7000cc98                . = ALIGN (0x4)
                0x7000cc98                __vsymtab_start = .
 *(VSymTab)
                0x7000cc98                __vsymtab_end = .
                0x7000cc98                . = ALIGN (0x4)
                0x7000cc98                . = ALIGN (0x4)
                0x7000cc98                __rt_init_start = .
 *(SORT(.rti_fn*))
 .rti_fn.0      0x7000cc98        0x4 build\kernel\src\components.o
                0x7000cc98                __rt_init_rti_start
 .rti_fn.0.end  0x7000cc9c        0x4 build\kernel\src\components.o
                0x7000cc9c                __rt_init_rti_board_start
 .rti_fn.1      0x7000cca0        0x4 libraries\drivers\drv_gpio.o
                0x7000cca0                __rt_init_rt_hw_pin_init
 .rti_fn.1      0x7000cca4        0x4 libraries\drivers\drv_uart.o
                0x7000cca4                __rt_init_rt_hw_uart_init
 .rti_fn.1.end  0x7000cca8        0x4 build\kernel\src\components.o
                0x7000cca8                __rt_init_rti_board_end
 .rti_fn.4      0x7000ccac        0x4 build\kernel\components\libc\compilers\newlib\libc.o
                0x7000ccac                __rt_init_libc_system_init
 .rti_fn.6      0x7000ccb0        0x4 build\kernel\components\finsh\shell.o
                0x7000ccb0                __rt_init_finsh_system_init
 .rti_fn.6.end  0x7000ccb4        0x4 build\kernel\src\components.o
                0x7000ccb4                __rt_init_rti_end
                0x7000ccb8                __rt_init_end = .

.vfp11_veneer   0x7000ccb8        0x0
 .vfp11_veneer  0x7000ccb8        0x0 linker stubs

.v4_bx          0x7000ccb8        0x0
 .v4_bx         0x7000ccb8        0x0 linker stubs

.iplt           0x7000ccb8        0x0
 .iplt          0x7000ccb8        0x0 build\applications\main.o

.ARM.extab
 *(.ARM.extab* .gnu.linkonce.armextab.*)

.ARM            0x7000ccb8        0x8
                0x7000ccb8                __exidx_start = .
 *(.ARM.exidx*)
 .ARM.exidx     0x7000ccb8        0x8 c:/users/yaxing.chen/downloads/env_released_1.2.0/env/tools/gnu_gcc/arm_gcc/mingw/bin/../lib/gcc/arm-none-eabi/5.4.1/armv7e-m/fpu/fpv5-d16\libgcc.a(_udivmoddi4.o)
                0x7000ccc0                __exidx_end = .

.rel.dyn        0x7000ccc0        0x0
 .rel.iplt      0x7000ccc0        0x0 build\applications\main.o

.ctors          0x7000ccc0        0x0
                [!provide]                PROVIDE (__ctors_start__, .)
 *crtbegin.o(.ctors)
 *crtbegin?.o(.ctors)
 *(EXCLUDE_FILE(*crtend.o *crtend?.o) .ctors)
 *(SORT(.ctors.*))
 *(.ctors)
                [!provide]                PROVIDE (__ctors_end__, .)

.dtors          0x7000ccc0        0x0
                [!provide]                PROVIDE (__dtors_start__, .)
 *crtbegin.o(.dtors)
 *crtbegin?.o(.dtors)
 *(EXCLUDE_FILE(*crtend.o *crtend?.o) .dtors)
 *(SORT(.dtors.*))
 *(.dtors)
                [!provide]                PROVIDE (__dtors_end__, .)

.preinit_array  0x7000ccc0        0x0
                [!provide]                PROVIDE (__preinit_array_start, .)
 *(.preinit_array*)
                [!provide]                PROVIDE (__preinit_array_end, .)

.init_array     0x7000ccc0        0x0
                [!provide]                PROVIDE (__init_array_start, .)
 *(SORT(.init_array.*))
 *(.init_array*)
                [!provide]                PROVIDE (__init_array_end, .)

.fini_array     0x7000ccc0        0x0
                [!provide]                PROVIDE (__fini_array_start, .)
 *(SORT(.fini_array.*))
 *(.fini_array*)
                [!provide]                PROVIDE (__fini_array_end, .)
                0x7000ccc0                __etext = .
                0x7000ccc0                __DATA_ROM = .

.data           0x20000000      0xcc0 load address 0x7000ccc0
                0x20000000                . = ALIGN (0x4)
                0x20000000                __DATA_RAM = .
                0x20000000                __data_start__ = .
 *(m_usb_dma_init_data)
 *(.data)
 *(.data*)
 .data.rt_object_container
                0x20000000       0xa0 build\kernel\src\object.o
 .data.SystemCoreClock
                0x200000a0        0x4 libraries\MIMXRT1064\MIMXRT1064\system_MIMXRT1064.o
                0x200000a0                SystemCoreClock
 .data.hdr_tab  0x200000a4      0x624 libraries\drivers\drv_gpio.o
 .data.uarts    0x200006c8       0x60 libraries\drivers\drv_uart.o
 .data.impure_data
                0x20000728      0x428 c:/users/yaxing.chen/downloads/env_released_1.2.0/env/tools/gnu_gcc/arm_gcc/mingw/bin/../lib/gcc/arm-none-eabi/5.4.1/../../../../arm-none-eabi/lib/armv7e-m/fpu/fpv5-d16\libc.a(lib_a-impure.o)
 .data._impure_ptr
                0x20000b50        0x4 c:/users/yaxing.chen/downloads/env_released_1.2.0/env/tools/gnu_gcc/arm_gcc/mingw/bin/../lib/gcc/arm-none-eabi/5.4.1/../../../../arm-none-eabi/lib/armv7e-m/fpu/fpv5-d16\libc.a(lib_a-impure.o)
                0x20000b50                _impure_ptr
 .data.__global_locale
                0x20000b54      0x16c c:/users/yaxing.chen/downloads/env_released_1.2.0/env/tools/gnu_gcc/arm_gcc/mingw/bin/../lib/gcc/arm-none-eabi/5.4.1/../../../../arm-none-eabi/lib/armv7e-m/fpu/fpv5-d16\libc.a(lib_a-locale.o)
                0x20000b54                __global_locale
 *(.jcr*)
                0x20000cc0                . = ALIGN (0x4)
                0x20000cc0                __data_end__ = .
                0x7000d980                __NDATA_ROM = (__DATA_ROM + (__data_end__ - __data_start__))

.igot.plt       0x20000cc0        0x0 load address 0x7000d980
 .igot.plt      0x20000cc0        0x0 build\applications\main.o

.ncache.init    0x81e00000        0x0 load address 0x7000d980
                0x81e00000                __noncachedata_start__ = .
 *(NonCacheable.init)
                0x81e00000                . = ALIGN (0x4)
                0x81e00000                __noncachedata_init_end__ = .
                0x81e00000                . = __noncachedata_init_end__

.ncache         0x81e00000        0x0
 *(NonCacheable)
                0x81e00000                . = ALIGN (0x4)
                0x81e00000                __noncachedata_end__ = .
                0x7000d980                __DATA_END = (__NDATA_ROM + (__noncachedata_init_end__ - __noncachedata_start__))
                0x70400000                text_end = (ORIGIN (m_text) + LENGTH (m_text))
                0x00000001                ASSERT ((__DATA_END <= text_end), region m_text overflowed with text and data)

.bss            0x20000cc0      0x504 load address 0x7000d980
                0x20000cc0                . = ALIGN (0x4)
                0x20000cc0                __START_BSS = .
                0x20000cc0                __bss_start__ = .
 *(m_usb_dma_noninit_data)
 *(.bss)
 *(.bss*)
 .bss.rt_tick   0x20000cc0        0x4 build\kernel\src\clock.o
 .bss.idle      0x20000cc4       0x80 build\kernel\src\idle.o
 .bss.rt_thread_stack
                0x20000d44      0x100 build\kernel\src\idle.o
 .bss.idle_hook_list
                0x20000e44       0x10 build\kernel\src\idle.o
 .bss.rt_interrupt_leave_hook
                0x20000e54        0x4 build\kernel\src\irq.o
 .bss.rt_interrupt_enter_hook
                0x20000e58        0x4 build\kernel\src\irq.o
 .bss.rt_interrupt_nest
                0x20000e5c        0x1 build\kernel\src\irq.o
                0x20000e5c                rt_interrupt_nest
 *fill*         0x20000e5d        0x3 
 .bss.__rt_errno
                0x20000e60        0x4 build\kernel\src\kservice.o
 .bss._console_device
                0x20000e64        0x4 build\kernel\src\kservice.o
 .bss.rt_log_buf.5982
                0x20000e68       0x80 build\kernel\src\kservice.o
 .bss._heap     0x20000ee8       0x64 build\kernel\src\memheap.o
 .bss.rt_object_attach_hook
                0x20000f4c        0x4 build\kernel\src\object.o
 .bss.rt_object_detach_hook
                0x20000f50        0x4 build\kernel\src\object.o
 .bss.rt_scheduler_lock_nest
                0x20000f54        0x2 build\kernel\src\scheduler.o
 *fill*         0x20000f56        0x2 
 .bss.rt_scheduler_hook
                0x20000f58        0x4 build\kernel\src\scheduler.o
 .bss.rt_thread_suspend_hook
                0x20000f5c        0x4 build\kernel\src\thread.o
 .bss.rt_thread_resume_hook
                0x20000f60        0x4 build\kernel\src\thread.o
 .bss.rt_thread_inited_hook
                0x20000f64        0x4 build\kernel\src\thread.o
 .bss.rt_timer_list
                0x20000f68        0x8 build\kernel\src\timer.o
 .bss.rt_timer_exit_hook